Component: ARM Compiler 5.06 update 1 (build 61) Tool: armlink [4d35a8]

==============================================================================

Section Cross References

    bsp_led.o(i.led_init) refers to stm32h7xx_hal_gpio.o(i.HAL_GPIO_Init) for HAL_GPIO_Init
    bsp_led.o(i.led_init) refers to stm32h7xx_hal_gpio.o(i.HAL_GPIO_WritePin) for HAL_GPIO_WritePin
    system_init.o(i.System_Init) refers to stm32h7xx_hal.o(i.HAL_Init) for HAL_Init
    main.o(i.main) refers to system_init.o(i.System_Init) for System_Init
    main.o(i.main) refers to bsp_led.o(i.led_init) for led_init
    main.o(i.main) refers to stm32h7xx_hal_gpio.o(i.HAL_GPIO_WritePin) for HAL_GPIO_WritePin
    startup_stm32h750xx.o(STACK) refers (Special) to heapauxi.o(.text) for __use_two_region_memory
    startup_stm32h750xx.o(HEAP) refers (Special) to heapauxi.o(.text) for __use_two_region_memory
    startup_stm32h750xx.o(RESET) refers (Special) to heapauxi.o(.text) for __use_two_region_memory
    startup_stm32h750xx.o(RESET) refers to startup_stm32h750xx.o(STACK) for __initial_sp
    startup_stm32h750xx.o(RESET) refers to startup_stm32h750xx.o(.text) for Reset_Handler
    startup_stm32h750xx.o(RESET) refers to stm32h7xx_it.o(i.NMI_Handler) for NMI_Handler
    startup_stm32h750xx.o(RESET) refers to stm32h7xx_it.o(i.HardFault_Handler) for HardFault_Handler
    startup_stm32h750xx.o(RESET) refers to stm32h7xx_it.o(i.BusFault_Handler) for BusFault_Handler
    startup_stm32h750xx.o(RESET) refers to stm32h7xx_it.o(i.UsageFault_Handler) for UsageFault_Handler
    startup_stm32h750xx.o(RESET) refers to stm32h7xx_it.o(i.SVC_Handler) for SVC_Handler
    startup_stm32h750xx.o(RESET) refers to stm32h7xx_it.o(i.DebugMon_Handler) for DebugMon_Handler
    startup_stm32h750xx.o(RESET) refers to stm32h7xx_it.o(i.PendSV_Handler) for PendSV_Handler
    startup_stm32h750xx.o(RESET) refers to stm32h7xx_it.o(i.SysTick_Handler) for SysTick_Handler
    startup_stm32h750xx.o(.text) refers (Special) to heapauxi.o(.text) for __use_two_region_memory
    startup_stm32h750xx.o(.text) refers to system_stm32h7xx.o(i.SystemInit) for SystemInit
    startup_stm32h750xx.o(.text) refers to __main.o(!!!main) for __main
    startup_stm32h750xx.o(.text) refers to startup_stm32h750xx.o(HEAP) for Heap_Mem
    startup_stm32h750xx.o(.text) refers to startup_stm32h750xx.o(STACK) for Stack_Mem
    stm32h7xx_it.o(i.SysTick_Handler) refers to stm32h7xx_hal.o(i.HAL_IncTick) for HAL_IncTick
    system_stm32h7xx.o(i.SystemCoreClockUpdate) refers to system_stm32h7xx.o(.data) for SystemCoreClock
    system_stm32h7xx.o(i.SystemCoreClockUpdate) refers to system_stm32h7xx.o(.constdata) for D1CorePrescTable
    stm32h7xx_hal.o(i.HAL_DeInit) refers to stm32h7xx_hal_msp.o(i.HAL_MspDeInit) for HAL_MspDeInit
    stm32h7xx_hal.o(i.HAL_Delay) refers to stm32h7xx_hal.o(i.HAL_GetTick) for HAL_GetTick
    stm32h7xx_hal.o(i.HAL_Delay) refers to stm32h7xx_hal.o(.data) for uwTickFreq
    stm32h7xx_hal.o(i.HAL_GetTick) refers to stm32h7xx_hal.o(.data) for uwTick
    stm32h7xx_hal.o(i.HAL_GetTickFreq) refers to stm32h7xx_hal.o(.data) for uwTickFreq
    stm32h7xx_hal.o(i.HAL_GetTickPrio) refers to stm32h7xx_hal.o(.data) for uwTickPrio
    stm32h7xx_hal.o(i.HAL_IncTick) refers to stm32h7xx_hal.o(.data) for uwTick
    stm32h7xx_hal.o(i.HAL_Init) refers to stm32h7xx_hal_cortex.o(i.HAL_NVIC_SetPriorityGrouping) for HAL_NVIC_SetPriorityGrouping
    stm32h7xx_hal.o(i.HAL_Init) refers to stm32h7xx_hal.o(i.HAL_InitTick) for HAL_InitTick
    stm32h7xx_hal.o(i.HAL_Init) refers to stm32h7xx_hal_msp.o(i.HAL_MspInit) for HAL_MspInit
    stm32h7xx_hal.o(i.HAL_InitTick) refers to stm32h7xx_hal_cortex.o(i.HAL_SYSTICK_Config) for HAL_SYSTICK_Config
    stm32h7xx_hal.o(i.HAL_InitTick) refers to stm32h7xx_hal_cortex.o(i.HAL_NVIC_SetPriority) for HAL_NVIC_SetPriority
    stm32h7xx_hal.o(i.HAL_InitTick) refers to stm32h7xx_hal.o(.data) for uwTickFreq
    stm32h7xx_hal.o(i.HAL_InitTick) refers to system_stm32h7xx.o(.data) for SystemCoreClock
    stm32h7xx_hal.o(i.HAL_SYSCFG_EnableVREFBUF) refers to stm32h7xx_hal.o(i.HAL_GetTick) for HAL_GetTick
    stm32h7xx_hal.o(i.HAL_SetTickFreq) refers to stm32h7xx_hal.o(i.HAL_InitTick) for HAL_InitTick
    stm32h7xx_hal.o(i.HAL_SetTickFreq) refers to stm32h7xx_hal.o(.data) for uwTickFreq
    stm32h7xx_hal_adc.o(i.ADC_ConversionStop) refers to stm32h7xx_hal.o(i.HAL_GetTick) for HAL_GetTick
    stm32h7xx_hal_adc.o(i.ADC_DMAConvCplt) refers to stm32h7xx_hal_adc.o(i.HAL_ADC_ConvCpltCallback) for HAL_ADC_ConvCpltCallback
    stm32h7xx_hal_adc.o(i.ADC_DMAConvCplt) refers to stm32h7xx_hal_adc.o(i.HAL_ADC_ErrorCallback) for HAL_ADC_ErrorCallback
    stm32h7xx_hal_adc.o(i.ADC_DMAError) refers to stm32h7xx_hal_adc.o(i.HAL_ADC_ErrorCallback) for HAL_ADC_ErrorCallback
    stm32h7xx_hal_adc.o(i.ADC_DMAHalfConvCplt) refers to stm32h7xx_hal_adc.o(i.HAL_ADC_ConvHalfCpltCallback) for HAL_ADC_ConvHalfCpltCallback
[...]
    Removing stm32h7xx_hal_uart.o(i.UART_Receive_IT), (138 bytes).
    Removing stm32h7xx_hal_uart.o(i.UART_SetConfig), (2468 bytes).
    Removing stm32h7xx_hal_uart.o(i.UART_Transmit_IT), (130 bytes).
    Removing stm32h7xx_hal_uart.o(i.UART_WaitOnFlagUntilTimeout), (108 bytes).
    Removing stm32h7xx_hal_uart.o(.constdata), (48 bytes).
    Removing stm32h7xx_hal_uart_ex.o(.rev16_text), (4 bytes).
    Removing stm32h7xx_hal_uart_ex.o(.revsh_text), (4 bytes).
    Removing stm32h7xx_hal_uart_ex.o(.rrx_text), (6 bytes).
    Removing stm32h7xx_hal_uart_ex.o(i.HAL_MultiProcessorEx_AddressLength_Set), (64 bytes).
    Removing stm32h7xx_hal_uart_ex.o(i.HAL_RS485Ex_Init), (156 bytes).
    Removing stm32h7xx_hal_uart_ex.o(i.HAL_UARTEx_DisableStopMode), (62 bytes).
    Removing stm32h7xx_hal_uart_ex.o(i.HAL_UARTEx_EnableStopMode), (62 bytes).
    Removing stm32h7xx_hal_uart_ex.o(i.HAL_UARTEx_StopModeWakeUpSourceConfig), (282 bytes).
    Removing stm32h7xx_hal_uart_ex.o(i.HAL_UARTEx_WakeupCallback), (2 bytes).
    Removing stm32h7xx_hal_uart_ex.o(i.UARTEx_Wakeup_AddressConfig), (38 bytes).
    Removing stm32h7xx_hal_uart_ex.o(.constdata), (48 bytes).
    Removing stm32h7xx_hal_usart.o(.rev16_text), (4 bytes).
    Removing stm32h7xx_hal_usart.o(.revsh_text), (4 bytes).
    Removing stm32h7xx_hal_usart.o(.rrx_text), (6 bytes).
    Removing stm32h7xx_hal_usart.o(i.HAL_USART_Abort), (136 bytes).
    Removing stm32h7xx_hal_usart.o(i.HAL_USART_AbortCpltCallback), (2 bytes).
    Removing stm32h7xx_hal_usart.o(i.HAL_USART_Abort_IT), (228 bytes).
    Removing stm32h7xx_hal_usart.o(i.HAL_USART_DMAPause), (154 bytes).
    Removing stm32h7xx_hal_usart.o(i.HAL_USART_DMAResume), (130 bytes).
    Removing stm32h7xx_hal_usart.o(i.HAL_USART_DMAStop), (64 bytes).
    Removing stm32h7xx_hal_usart.o(i.HAL_USART_DeInit), (56 bytes).
    Removing stm32h7xx_hal_usart.o(i.HAL_USART_ErrorCallback), (2 bytes).
    Removing stm32h7xx_hal_usart.o(i.HAL_USART_GetError), (6 bytes).
    Removing stm32h7xx_hal_usart.o(i.HAL_USART_GetState), (8 bytes).
    Removing stm32h7xx_hal_usart.o(i.HAL_USART_IRQHandler), (504 bytes).
    Removing stm32h7xx_hal_usart.o(i.HAL_USART_Init), (118 bytes).
    Removing stm32h7xx_hal_usart.o(i.HAL_USART_MspDeInit), (2 bytes).
    Removing stm32h7xx_hal_usart.o(i.HAL_USART_MspInit), (2 bytes).
    Removing stm32h7xx_hal_usart.o(i.HAL_USART_Receive), (304 bytes).
    Removing stm32h7xx_hal_usart.o(i.HAL_USART_Receive_DMA), (224 bytes).
    Removing stm32h7xx_hal_usart.o(i.HAL_USART_Receive_IT), (254 bytes).
    Removing stm32h7xx_hal_usart.o(i.HAL_USART_RxCpltCallback), (2 bytes).
    Removing stm32h7xx_hal_usart.o(i.HAL_USART_RxHalfCpltCallback), (2 bytes).
    Removing stm32h7xx_hal_usart.o(i.HAL_USART_Transmit), (198 bytes).
    Removing stm32h7xx_hal_usart.o(i.HAL_USART_TransmitReceive), (520 bytes).
    Removing stm32h7xx_hal_usart.o(i.HAL_USART_TransmitReceive_DMA), (240 bytes).
    Removing stm32h7xx_hal_usart.o(i.HAL_USART_TransmitReceive_IT), (232 bytes).
    Removing stm32h7xx_hal_usart.o(i.HAL_USART_Transmit_DMA), (152 bytes).
    Removing stm32h7xx_hal_usart.o(i.HAL_USART_Transmit_IT), (114 bytes).
    Removing stm32h7xx_hal_usart.o(i.HAL_USART_TxCpltCallback), (2 bytes).
    Removing stm32h7xx_hal_usart.o(i.HAL_USART_TxHalfCpltCallback), (2 bytes).
    Removing stm32h7xx_hal_usart.o(i.HAL_USART_TxRxCpltCallback), (2 bytes).
    Removing stm32h7xx_hal_usart.o(i.USART_CheckIdleState), (112 bytes).
    Removing stm32h7xx_hal_usart.o(i.USART_DMAAbortOnError), (24 bytes).
    Removing stm32h7xx_hal_usart.o(i.USART_DMAError), (44 bytes).
    Removing stm32h7xx_hal_usart.o(i.USART_DMAReceiveCplt), (122 bytes).
    Removing stm32h7xx_hal_usart.o(i.USART_DMARxAbortCallback), (58 bytes).
    Removing stm32h7xx_hal_usart.o(i.USART_DMARxHalfCplt), (14 bytes).
    Removing stm32h7xx_hal_usart.o(i.USART_DMATransmitCplt), (70 bytes).
    Removing stm32h7xx_hal_usart.o(i.USART_DMATxAbortCallback), (58 bytes).
    Removing stm32h7xx_hal_usart.o(i.USART_DMATxHalfCplt), (14 bytes).
    Removing stm32h7xx_hal_usart.o(i.USART_EndTransfer), (36 bytes).
    Removing stm32h7xx_hal_usart.o(i.USART_EndTransmit_IT), (44 bytes).
    Removing stm32h7xx_hal_usart.o(i.USART_Receive_IT), (122 bytes).
    Removing stm32h7xx_hal_usart.o(i.USART_SetConfig), (872 bytes).
    Removing stm32h7xx_hal_usart.o(i.USART_TransmitReceive_IT), (240 bytes).
    Removing stm32h7xx_hal_usart.o(i.USART_Transmit_IT), (118 bytes).
    Removing stm32h7xx_hal_usart.o(i.USART_WaitOnFlagUntilTimeout), (104 bytes).
    Removing stm32h7xx_hal_usart.o(.constdata), (48 bytes).
    Removing stm32h7xx_hal_wwdg.o(.rev16_text), (4 bytes).
    Removing stm32h7xx_hal_wwdg.o(.revsh_text), (4 bytes).
    Removing stm32h7xx_hal_wwdg.o(.rrx_text), (6 bytes).
    Removing stm32h7xx_hal_wwdg.o(i.HAL_WWDG_EarlyWakeupCallback), (2 bytes).
    Removing stm32h7xx_hal_wwdg.o(i.HAL_WWDG_IRQHandler), (40 bytes).
    Removing stm32h7xx_hal_wwdg.o(i.HAL_WWDG_Init), (44 bytes).
    Removing stm32h7xx_hal_wwdg.o(i.HAL_WWDG_MspInit), (2 bytes).
    Removing stm32h7xx_hal_wwdg.o(i.HAL_WWDG_Refresh), (12 bytes).
    Removing stm32h7xx_hal_wwdg.o(.constdata), (48 bytes).
    Removing stm32h7xx_ll_delayblock.o(.rev16_text), (4 bytes).
    Removing stm32h7xx_ll_delayblock.o(.revsh_text), (4 bytes).
    Removing stm32h7xx_ll_delayblock.o(.rrx_text), (6 bytes).
    Removing stm32h7xx_ll_delayblock.o(i.DelayBlock_Disable), (8 bytes).
    Removing stm32h7xx_ll_delayblock.o(i.DelayBlock_Enable), (148 bytes).
    Removing stm32h7xx_ll_delayblock.o(.constdata), (48 bytes).
    Removing stm32h7xx_ll_fmc.o(.rev16_text), (4 bytes).
    Removing stm32h7xx_ll_fmc.o(.revsh_text), (4 bytes).
    Removing stm32h7xx_ll_fmc.o(.rrx_text), (6 bytes).
    Removing stm32h7xx_ll_fmc.o(i.FMC_NAND_AttributeSpace_Timing_Init), (40 bytes).
    Removing stm32h7xx_ll_fmc.o(i.FMC_NAND_CommonSpace_Timing_Init), (40 bytes).
    Removing stm32h7xx_ll_fmc.o(i.FMC_NAND_DeInit), (30 bytes).
    Removing stm32h7xx_ll_fmc.o(i.FMC_NAND_ECC_Disable), (14 bytes).
    Removing stm32h7xx_ll_fmc.o(i.FMC_NAND_ECC_Enable), (14 bytes).
    Removing stm32h7xx_ll_fmc.o(i.FMC_NAND_GetECC), (62 bytes).
    Removing stm32h7xx_ll_fmc.o(i.FMC_NAND_Init), (52 bytes).
    Removing stm32h7xx_ll_fmc.o(i.FMC_NORSRAM_DeInit), (56 bytes).
    Removing stm32h7xx_ll_fmc.o(i.FMC_NORSRAM_Extended_Timing_Init), (72 bytes).
    Removing stm32h7xx_ll_fmc.o(i.FMC_NORSRAM_Init), (128 bytes).
    Removing stm32h7xx_ll_fmc.o(i.FMC_NORSRAM_Timing_Init), (94 bytes).
    Removing stm32h7xx_ll_fmc.o(i.FMC_NORSRAM_WriteOperation_Disable), (18 bytes).
    Removing stm32h7xx_ll_fmc.o(i.FMC_NORSRAM_WriteOperation_Enable), (18 bytes).
    Removing stm32h7xx_ll_fmc.o(i.FMC_SDRAM_DeInit), (32 bytes).
    Removing stm32h7xx_ll_fmc.o(i.FMC_SDRAM_GetModeStatus), (24 bytes).
    Removing stm32h7xx_ll_fmc.o(i.FMC_SDRAM_Init), (116 bytes).
    Removing stm32h7xx_ll_fmc.o(i.FMC_SDRAM_ProgramRefreshRate), (14 bytes).
    Removing stm32h7xx_ll_fmc.o(i.FMC_SDRAM_SendCommand), (38 bytes).
    Removing stm32h7xx_ll_fmc.o(i.FMC_SDRAM_SetAutoRefreshNumber), (14 bytes).
    Removing stm32h7xx_ll_fmc.o(i.FMC_SDRAM_Timing_Init), (156 bytes).
    Removing stm32h7xx_ll_fmc.o(i.FMC_SDRAM_WriteProtection_Disable), (18 bytes).
    Removing stm32h7xx_ll_fmc.o(i.FMC_SDRAM_WriteProtection_Enable), (18 bytes).
    Removing stm32h7xx_ll_fmc.o(.constdata), (48 bytes).
    Removing stm32h7xx_ll_sdmmc.o(.rev16_text), (4 bytes).
    Removing stm32h7xx_ll_sdmmc.o(.revsh_text), (4 bytes).
    Removing stm32h7xx_ll_sdmmc.o(.rrx_text), (6 bytes).
    Removing stm32h7xx_ll_sdmmc.o(i.SDMMC_CmdAppCommand), (58 bytes).
    Removing stm32h7xx_ll_sdmmc.o(i.SDMMC_CmdAppOperCommand), (52 bytes).
    Removing stm32h7xx_ll_sdmmc.o(i.SDMMC_CmdBlockLength), (56 bytes).
    Removing stm32h7xx_ll_sdmmc.o(i.SDMMC_CmdBusWidth), (58 bytes).
    Removing stm32h7xx_ll_sdmmc.o(i.SDMMC_CmdErase), (58 bytes).
    Removing stm32h7xx_ll_sdmmc.o(i.SDMMC_CmdEraseEndAdd), (58 bytes).
    Removing stm32h7xx_ll_sdmmc.o(i.SDMMC_CmdEraseStartAdd), (58 bytes).
    Removing stm32h7xx_ll_sdmmc.o(i.SDMMC_CmdGoIdleState), (44 bytes).
    Removing stm32h7xx_ll_sdmmc.o(i.SDMMC_CmdOpCondition), (50 bytes).
    Removing stm32h7xx_ll_sdmmc.o(i.SDMMC_CmdOperCond), (52 bytes).
    Removing stm32h7xx_ll_sdmmc.o(i.SDMMC_CmdReadMultiBlock), (58 bytes).
    Removing stm32h7xx_ll_sdmmc.o(i.SDMMC_CmdReadSingleBlock), (58 bytes).
    Removing stm32h7xx_ll_sdmmc.o(i.SDMMC_CmdSDEraseEndAdd), (58 bytes).
    Removing stm32h7xx_ll_sdmmc.o(i.SDMMC_CmdSDEraseStartAdd), (56 bytes).
    Removing stm32h7xx_ll_sdmmc.o(i.SDMMC_CmdSelDesel), (60 bytes).
    Removing stm32h7xx_ll_sdmmc.o(i.SDMMC_CmdSendCID), (52 bytes).
    Removing stm32h7xx_ll_sdmmc.o(i.SDMMC_CmdSendCSD), (52 bytes).
    Removing stm32h7xx_ll_sdmmc.o(i.SDMMC_CmdSendEXTCSD), (56 bytes).
    Removing stm32h7xx_ll_sdmmc.o(i.SDMMC_CmdSendSCR), (58 bytes).
    Removing stm32h7xx_ll_sdmmc.o(i.SDMMC_CmdSendStatus), (58 bytes).
    Removing stm32h7xx_ll_sdmmc.o(i.SDMMC_CmdSetRelAdd), (58 bytes).
    Removing stm32h7xx_ll_sdmmc.o(i.SDMMC_CmdStatusRegister), (58 bytes).
    Removing stm32h7xx_ll_sdmmc.o(i.SDMMC_CmdStopTransfer), (84 bytes).
    Removing stm32h7xx_ll_sdmmc.o(i.SDMMC_CmdSwitch), (58 bytes).
    Removing stm32h7xx_ll_sdmmc.o(i.SDMMC_CmdVoltageSwitch), (58 bytes).
    Removing stm32h7xx_ll_sdmmc.o(i.SDMMC_CmdWriteMultiBlock), (58 bytes).
    Removing stm32h7xx_ll_sdmmc.o(i.SDMMC_CmdWriteSingleBlock), (58 bytes).
    Removing stm32h7xx_ll_sdmmc.o(i.SDMMC_ConfigData), (44 bytes).
    Removing stm32h7xx_ll_sdmmc.o(i.SDMMC_GetCmdError), (68 bytes).
    Removing stm32h7xx_ll_sdmmc.o(i.SDMMC_GetCmdResp1), (424 bytes).
    Removing stm32h7xx_ll_sdmmc.o(i.SDMMC_GetCmdResp2), (96 bytes).
    Removing stm32h7xx_ll_sdmmc.o(i.SDMMC_GetCmdResp3), (80 bytes).
    Removing stm32h7xx_ll_sdmmc.o(i.SDMMC_GetCmdResp6), (180 bytes).
    Removing stm32h7xx_ll_sdmmc.o(i.SDMMC_GetCmdResp7), (100 bytes).
    Removing stm32h7xx_ll_sdmmc.o(i.SDMMC_GetCommandResponse), (8 bytes).
    Removing stm32h7xx_ll_sdmmc.o(i.SDMMC_GetDataCounter), (6 bytes).
    Removing stm32h7xx_ll_sdmmc.o(i.SDMMC_GetFIFOCount), (8 bytes).
    Removing stm32h7xx_ll_sdmmc.o(i.SDMMC_GetPowerState), (10 bytes).
    Removing stm32h7xx_ll_sdmmc.o(i.SDMMC_GetResponse), (12 bytes).
    Removing stm32h7xx_ll_sdmmc.o(i.SDMMC_Init), (52 bytes).
    Removing stm32h7xx_ll_sdmmc.o(i.SDMMC_PowerState_Cycle), (14 bytes).
    Removing stm32h7xx_ll_sdmmc.o(i.SDMMC_PowerState_OFF), (14 bytes).
    Removing stm32h7xx_ll_sdmmc.o(i.SDMMC_PowerState_ON), (22 bytes).
    Removing stm32h7xx_ll_sdmmc.o(i.SDMMC_ReadFIFO), (8 bytes).
    Removing stm32h7xx_ll_sdmmc.o(i.SDMMC_SendCommand), (44 bytes).
    Removing stm32h7xx_ll_sdmmc.o(i.SDMMC_SetSDMMCReadWaitMode), (16 bytes).
    Removing stm32h7xx_ll_sdmmc.o(i.SDMMC_WriteFIFO), (12 bytes).
    Removing stm32h7xx_ll_sdmmc.o(.constdata), (48 bytes).
    Removing stm32h7xx_ll_usb.o(.rev16_text), (4 bytes).
    Removing stm32h7xx_ll_usb.o(.revsh_text), (4 bytes).
    Removing stm32h7xx_ll_usb.o(.rrx_text), (6 bytes).
    Removing stm32h7xx_ll_usb.o(i.USB_ActivateDedicatedEndpoint), (284 bytes).
    Removing stm32h7xx_ll_usb.o(i.USB_ActivateEndpoint), (196 bytes).
    Removing stm32h7xx_ll_usb.o(i.USB_ActivateSetup), (68 bytes).
    Removing stm32h7xx_ll_usb.o(i.USB_ClearInterrupts), (8 bytes).
    Removing stm32h7xx_ll_usb.o(i.USB_CoreInit), (112 bytes).
    Removing stm32h7xx_ll_usb.o(i.USB_CoreReset), (76 bytes).
    Removing stm32h7xx_ll_usb.o(i.USB_DeactivateDedicatedEndpoint), (116 bytes).
    Removing stm32h7xx_ll_usb.o(i.USB_DeactivateEndpoint), (168 bytes).
    Removing stm32h7xx_ll_usb.o(i.USB_DevConnect), (30 bytes).
    Removing stm32h7xx_ll_usb.o(i.USB_DevDisconnect), (30 bytes).
    Removing stm32h7xx_ll_usb.o(i.USB_DevInit), (428 bytes).
    Removing stm32h7xx_ll_usb.o(i.USB_DisableGlobalInt), (14 bytes).
    Removing stm32h7xx_ll_usb.o(i.USB_DoPing), (64 bytes).
    Removing stm32h7xx_ll_usb.o(i.USB_DriveVbus), (68 bytes).
    Removing stm32h7xx_ll_usb.o(i.USB_EP0StartXfer), (432 bytes).
    Removing stm32h7xx_ll_usb.o(i.USB_EP0_OutStart), (68 bytes).
    Removing stm32h7xx_ll_usb.o(i.USB_EPClearStall), (136 bytes).
    Removing stm32h7xx_ll_usb.o(i.USB_EPSetStall), (140 bytes).
    Removing stm32h7xx_ll_usb.o(i.USB_EPStartXfer), (720 bytes).
    Removing stm32h7xx_ll_usb.o(i.USB_EnableGlobalInt), (14 bytes).
    Removing stm32h7xx_ll_usb.o(i.USB_FlushRxFifo), (44 bytes).
    Removing stm32h7xx_ll_usb.o(i.USB_FlushTxFifo), (48 bytes).
    Removing stm32h7xx_ll_usb.o(i.USB_GetCurrentFrame), (12 bytes).
    Removing stm32h7xx_ll_usb.o(i.USB_GetDevSpeed), (68 bytes).
    Removing stm32h7xx_ll_usb.o(i.USB_GetHostSpeed), (18 bytes).
    Removing stm32h7xx_ll_usb.o(i.USB_GetMode), (10 bytes).
    Removing stm32h7xx_ll_usb.o(i.USB_HC_Halt), (376 bytes).
    Removing stm32h7xx_ll_usb.o(i.USB_HC_Init), (396 bytes).
    Removing stm32h7xx_ll_usb.o(i.USB_HC_ReadInterrupt), (12 bytes).
    Removing stm32h7xx_ll_usb.o(i.USB_HC_StartXfer), (396 bytes).
    Removing stm32h7xx_ll_usb.o(i.USB_HostInit), (224 bytes).
    Removing stm32h7xx_ll_usb.o(i.USB_InitFSLSPClkSel), (62 bytes).
    Removing stm32h7xx_ll_usb.o(i.USB_ReadDevAllInEpInterrupt), (18 bytes).
    Removing stm32h7xx_ll_usb.o(i.USB_ReadDevAllOutEpInterrupt), (18 bytes).
    Removing stm32h7xx_ll_usb.o(i.USB_ReadDevInEPInterrupt), (44 bytes).
    Removing stm32h7xx_ll_usb.o(i.USB_ReadDevOutEPInterrupt), (22 bytes).
    Removing stm32h7xx_ll_usb.o(i.USB_ReadInterrupts), (12 bytes).
    Removing stm32h7xx_ll_usb.o(i.USB_ReadPacket), (40 bytes).
    Removing stm32h7xx_ll_usb.o(i.USB_ResetPort), (48 bytes).
    Removing stm32h7xx_ll_usb.o(i.USB_SetCurrentMode), (48 bytes).
    Removing stm32h7xx_ll_usb.o(i.USB_SetDevAddress), (36 bytes).
    Removing stm32h7xx_ll_usb.o(i.USB_SetDevSpeed), (16 bytes).
    Removing stm32h7xx_ll_usb.o(i.USB_StopDevice), (82 bytes).
    Removing stm32h7xx_ll_usb.o(i.USB_StopHost), (174 bytes).
    Removing stm32h7xx_ll_usb.o(i.USB_WritePacket), (58 bytes).
    Removing stm32h7xx_ll_usb.o(.constdata), (48 bytes).
    Removing stm32h7xx_ll_usb.o(.data), (4 bytes).

2567 unused section(s) (total 268309 bytes) removed from the image.

==============================================================================

Image Symbol Table

    Local Symbols

    Symbol Name                              Value     Ov Type        Size  Object(Section)

    ../clib/angel/boardlib.s                 0x00000000   Number         0  boardinit2.o ABSOLUTE
    ../clib/angel/boardlib.s                 0x00000000   Number         0  boardinit1.o ABSOLUTE
    ../clib/angel/boardlib.s                 0x00000000   Number         0  boardshut.o ABSOLUTE
    ../clib/angel/boardlib.s                 0x00000000   Number         0  boardinit3.o ABSOLUTE
    ../clib/angel/handlers.s                 0x00000000   Number         0  __scatter_zi.o ABSOLUTE
    ../clib/angel/handlers.s                 0x00000000   Number         0  __scatter_copy.o ABSOLUTE
    ../clib/angel/kernel.s                   0x00000000   Number         0  rtexit.o ABSOLUTE
    ../clib/angel/kernel.s                   0x00000000   Number         0  __rtentry.o ABSOLUTE
    ../clib/angel/kernel.s                   0x00000000   Number         0  __rtentry2.o ABSOLUTE
    ../clib/angel/kernel.s                   0x00000000   Number         0  __rtentry4.o ABSOLUTE
    ../clib/angel/kernel.s                   0x00000000   Number         0  rtexit2.o ABSOLUTE
    ../clib/angel/rt.s                       0x00000000   Number         0  aeabi_ldiv0.o ABSOLUTE
    ../clib/angel/rt.s                       0x00000000   Number         0  aeabi_ldiv0_sigfpe.o ABSOLUTE
    ../clib/angel/rt.s                       0x00000000   Number         0  rt_div0.o ABSOLUTE
    ../clib/angel/rt.s                       0x00000000   Number         0  rt_raise.o ABSOLUTE
    ../clib/angel/scatter.s                  0x00000000   Number         0  __scatter.o ABSOLUTE
    ../clib/angel/startup.s                  0x00000000   Number         0  __main.o ABSOLUTE
    ../clib/angel/sys.s                      0x00000000   Number         0  libspace.o ABSOLUTE
    ../clib/angel/sys.s                      0x00000000   Number         0  use_no_semi.o ABSOLUTE
    ../clib/angel/sys.s                      0x00000000   Number         0  indicate_semi.o ABSOLUTE
    ../clib/angel/sys.s                      0x00000000   Number         0  sys_stackheap_outer.o ABSOLUTE
    ../clib/angel/sysapp.c                   0x00000000   Number         0  sys_exit.o ABSOLUTE
    ../clib/angel/sysapp.c                   0x00000000   Number         0  sys_command.o ABSOLUTE
    ../clib/angel/sysapp.c                   0x00000000   Number         0  sys_wrch.o ABSOLUTE
    ../clib/armsys.c                         0x00000000   Number         0  argv_veneer.o ABSOLUTE
    ../clib/armsys.c                         0x00000000   Number         0  argv_veneer.o ABSOLUTE
    ../clib/armsys.c                         0x00000000   Number         0  no_argv.o ABSOLUTE
    ../clib/armsys.c                         0x00000000   Number         0  _get_argv_nomalloc.o ABSOLUTE
    ../clib/heapalloc.c                      0x00000000   Number         0  hrguard.o ABSOLUTE
    ../clib/heapaux.c                        0x00000000   Number         0  heapauxi.o ABSOLUTE
    ../clib/libinit.s                        0x00000000   Number         0  libshutdown2.o ABSOLUTE
    ../clib/libinit.s                        0x00000000   Number         0  libshutdown.o ABSOLUTE
    ../clib/libinit.s                        0x00000000   Number         0  libinit.o ABSOLUTE
    ../clib/libinit.s                        0x00000000   Number         0  libinit2.o ABSOLUTE
    ../clib/longlong.s                       0x00000000   Number         0  lludivv7m.o ABSOLUTE
    ../clib/memcpset.s                       0x00000000   Number         0  rt_memcpy_w.o ABSOLUTE
    ../clib/memcpset.s                       0x00000000   Number         0  rt_memclr_w.o ABSOLUTE
    ../clib/signal.c                         0x00000000   Number         0  defsig_fpe_formal.o ABSOLUTE
    ../clib/signal.c                         0x00000000   Number         0  defsig_general.o ABSOLUTE
    ../clib/signal.c                         0x00000000   Number         0  defsig_segv_inner.o ABSOLUTE
    ../clib/signal.c                         0x00000000   Number         0  defsig_fpe_inner.o ABSOLUTE
    ../clib/signal.c                         0x00000000   Number         0  defsig_exit.o ABSOLUTE
    ../clib/signal.c                         0x00000000   Number         0  defsig_stak_inner.o ABSOLUTE
    ../clib/signal.c                         0x00000000   Number         0  defsig_other.o ABSOLUTE
    ../clib/signal.c                         0x00000000   Number         0  defsig_rtmem_formal.o ABSOLUTE
    ../clib/signal.c                         0x00000000   Number         0  defsig_rtred_inner.o ABSOLUTE
    ../clib/signal.c                         0x00000000   Number         0  defsig_abrt_inner.o ABSOLUTE
    ../clib/signal.c                         0x00000000   Number         0  defsig_rtmem_outer.o ABSOLUTE
    ../clib/signal.c                         0x00000000   Number         0  __raise.o ABSOLUTE
    ../clib/signal.c                         0x00000000   Number         0  defsig_fpe_outer.o ABSOLUTE
    ../clib/signal.c                         0x00000000   Number         0  defsig_pvfn_inner.o ABSOLUTE
    ../clib/signal.c                         0x00000000   Number         0  defsig_cppl_inner.o ABSOLUTE
    ../clib/signal.c                         0x00000000   Number         0  defsig_rtmem_inner.o ABSOLUTE
    ../clib/signal.s                         0x00000000   Number         0  defsig.o ABSOLUTE
    ../clib/stdlib.c                         0x00000000   Number         0  exit.o ABSOLUTE
    ../fplib/fpinit.s                        0x00000000   Number         0  fpinit.o ABSOLUTE
    ..\Firmware\01_HAL_BSP\BSP_Drivers\bsp_led.c 0x00000000   Number         0  bsp_led.o ABSOLUTE
    ..\Firmware\02_Core_System\System_Init\system_init.c 0x00000000   Number         0  system_init.o ABSOLUTE
    ..\Firmware\07_Application\main.c        0x00000000   Number         0  main.o ABSOLUTE
    ..\Firmware\Device\STM32H7xx_HAL_Driver\Src\stm32h7xx_hal.c 0x00000000   Number         0  stm32h7xx_hal.o ABSOLUTE
    ..\Firmware\Device\STM32H7xx_HAL_Driver\Src\stm32h7xx_hal_adc.c 0x00000000   Number         0  stm32h7xx_hal_adc.o ABSOLUTE
    ..\Firmware\Device\STM32H7xx_HAL_Driver\Src\stm32h7xx_hal_adc_ex.c 0x00000000   Number         0  stm32h7xx_hal_adc_ex.o ABSOLUTE
    ..\Firmware\Device\STM32H7xx_HAL_Driver\Src\stm32h7xx_hal_cec.c 0x00000000   Number         0  stm32h7xx_hal_cec.o ABSOLUTE
    ..\Firmware\Device\STM32H7xx_HAL_Driver\Src\stm32h7xx_hal_comp.c 0x00000000   Number         0  stm32h7xx_hal_comp.o ABSOLUTE
    ..\Firmware\Device\STM32H7xx_HAL_Driver\Src\stm32h7xx_hal_cortex.c 0x00000000   Number         0  stm32h7xx_hal_cortex.o ABSOLUTE
    ..\Firmware\Device\STM32H7xx_HAL_Driver\Src\stm32h7xx_hal_crc.c 0x00000000   Number         0  stm32h7xx_hal_crc.o ABSOLUTE
    ..\Firmware\Device\STM32H7xx_HAL_Driver\Src\stm32h7xx_hal_crc_ex.c 0x00000000   Number         0  stm32h7xx_hal_crc_ex.o ABSOLUTE
    ..\Firmware\Device\STM32H7xx_HAL_Driver\Src\stm32h7xx_hal_cryp.c 0x00000000   Number         0  stm32h7xx_hal_cryp.o ABSOLUTE
    ..\Firmware\Device\STM32H7xx_HAL_Driver\Src\stm32h7xx_hal_cryp_ex.c 0x00000000   Number         0  stm32h7xx_hal_cryp_ex.o ABSOLUTE
    ..\Firmware\Device\STM32H7xx_HAL_Driver\Src\stm32h7xx_hal_dac.c 0x00000000   Number         0  stm32h7xx_hal_dac.o ABSOLUTE
    ..\Firmware\Device\STM32H7xx_HAL_Driver\Src\stm32h7xx_hal_dac_ex.c 0x00000000   Number         0  stm32h7xx_hal_dac_ex.o ABSOLUTE
    ..\Firmware\Device\STM32H7xx_HAL_Driver\Src\stm32h7xx_hal_dcmi.c 0x00000000   Number         0  stm32h7xx_hal_dcmi.o ABSOLUTE
    ..\Firmware\Device\STM32H7xx_HAL_Driver\Src\stm32h7xx_hal_dfsdm.c 0x00000000   Number         0  stm32h7xx_hal_dfsdm.o ABSOLUTE
    ..\Firmware\Device\STM32H7xx_HAL_Driver\Src\stm32h7xx_hal_dma.c 0x00000000   Number         0  stm32h7xx_hal_dma.o ABSOLUTE
    ..\Firmware\Device\STM32H7xx_HAL_Driver\Src\stm32h7xx_hal_dma2d.c 0x00000000   Number         0  stm32h7xx_hal_dma2d.o ABSOLUTE
    ..\Firmware\Device\STM32H7xx_HAL_Driver\Src\stm32h7xx_hal_dma_ex.c 0x00000000   Number         0  stm32h7xx_hal_dma_ex.o ABSOLUTE
    ..\Firmware\Device\STM32H7xx_HAL_Driver\Src\stm32h7xx_hal_eth.c 0x00000000   Number         0  stm32h7xx_hal_eth.o ABSOLUTE
    ..\Firmware\Device\STM32H7xx_HAL_Driver\Src\stm32h7xx_hal_eth_ex.c 0x00000000   Number         0  stm32h7xx_hal_eth_ex.o ABSOLUTE
    ..\Firmware\Device\STM32H7xx_HAL_Driver\Src\stm32h7xx_hal_fdcan.c 0x00000000   Number         0  stm32h7xx_hal_fdcan.o ABSOLUTE
    ..\Firmware\Device\STM32H7xx_HAL_Driver\Src\stm32h7xx_hal_flash.c 0x00000000   Number         0  stm32h7xx_hal_flash.o ABSOLUTE
    ..\Firmware\Device\STM32H7xx_HAL_Driver\Src\stm32h7xx_hal_flash_ex.c 0x00000000   Number         0  stm32h7xx_hal_flash_ex.o ABSOLUTE
    ..\Firmware\Device\STM32H7xx_HAL_Driver\Src\stm32h7xx_hal_gpio.c 0x00000000   Number         0  stm32h7xx_hal_gpio.o ABSOLUTE
    ..\Firmware\Device\STM32H7xx_HAL_Driver\Src\stm32h7xx_hal_hash.c 0x00000000   Number         0  stm32h7xx_hal_hash.o ABSOLUTE
    ..\Firmware\Device\STM32H7xx_HAL_Driver\Src\stm32h7xx_hal_hash_ex.c 0x00000000   Number         0  stm32h7xx_hal_hash_ex.o ABSOLUTE
    ..\Firmware\Device\STM32H7xx_HAL_Driver\Src\stm32h7xx_hal_hcd.c 0x00000000   Number         0  stm32h7xx_hal_hcd.o ABSOLUTE
    ..\Firmware\Device\STM32H7xx_HAL_Driver\Src\stm32h7xx_hal_hrtim.c 0x00000000   Number         0  stm32h7xx_hal_hrtim.o ABSOLUTE
    ..\Firmware\Device\STM32H7xx_HAL_Driver\Src\stm32h7xx_hal_hsem.c 0x00000000   Number         0  stm32h7xx_hal_hsem.o ABSOLUTE
    ..\Firmware\Device\STM32H7xx_HAL_Driver\Src\stm32h7xx_hal_i2c.c 0x00000000   Number         0  stm32h7xx_hal_i2c.o ABSOLUTE
    ..\Firmware\Device\STM32H7xx_HAL_Driver\Src\stm32h7xx_hal_i2c_ex.c 0x00000000   Number         0  stm32h7xx_hal_i2c_ex.o ABSOLUTE
    ..\Firmware\Device\STM32H7xx_HAL_Driver\Src\stm32h7xx_hal_i2s.c 0x00000000   Number         0  stm32h7xx_hal_i2s.o ABSOLUTE
    ..\Firmware\Device\STM32H7xx_HAL_Driver\Src\stm32h7xx_hal_i2s_ex.c 0x00000000   Number         0  stm32h7xx_hal_i2s_ex.o ABSOLUTE
    ..\Firmware\Device\STM32H7xx_HAL_Driver\Src\stm32h7xx_hal_irda.c 0x00000000   Number         0  stm32h7xx_hal_irda.o ABSOLUTE
    ..\Firmware\Device\STM32H7xx_HAL_Driver\Src\stm32h7xx_hal_iwdg.c 0x00000000   Number         0  stm32h7xx_hal_iwdg.o ABSOLUTE
    ..\Firmware\Device\STM32H7xx_HAL_Driver\Src\stm32h7xx_hal_jpeg.c 0x00000000   Number         0  stm32h7xx_hal_jpeg.o ABSOLUTE
    ..\Firmware\Device\STM32H7xx_HAL_Driver\Src\stm32h7xx_hal_lptim.c 0x00000000   Number         0  stm32h7xx_hal_lptim.o ABSOLUTE
    ..\Firmware\Device\STM32H7xx_HAL_Driver\Src\stm32h7xx_hal_ltdc.c 0x00000000   Number         0  stm32h7xx_hal_ltdc.o ABSOLUTE
    ..\Firmware\Device\STM32H7xx_HAL_Driver\Src\stm32h7xx_hal_mdios.c 0x00000000   Number         0  stm32h7xx_hal_mdios.o ABSOLUTE
    ..\Firmware\Device\STM32H7xx_HAL_Driver\Src\stm32h7xx_hal_mdma.c 0x00000000   Number         0  stm32h7xx_hal_mdma.o ABSOLUTE
    ..\Firmware\Device\STM32H7xx_HAL_Driver\Src\stm32h7xx_hal_mmc.c 0x00000000   Number         0  stm32h7xx_hal_mmc.o ABSOLUTE
    ..\Firmware\Device\STM32H7xx_HAL_Driver\Src\stm32h7xx_hal_mmc_ex.c 0x00000000   Number         0  stm32h7xx_hal_mmc_ex.o ABSOLUTE
    ..\Firmware\Device\STM32H7xx_HAL_Driver\Src\stm32h7xx_hal_nand.c 0x00000000   Number         0  stm32h7xx_hal_nand.o ABSOLUTE
    ..\Firmware\Device\STM32H7xx_HAL_Driver\Src\stm32h7xx_hal_nor.c 0x00000000   Number         0  stm32h7xx_hal_nor.o ABSOLUTE
    ..\Firmware\Device\STM32H7xx_HAL_Driver\Src\stm32h7xx_hal_opamp.c 0x00000000   Number         0  stm32h7xx_hal_opamp.o ABSOLUTE
    ..\Firmware\Device\STM32H7xx_HAL_Driver\Src\stm32h7xx_hal_opamp_ex.c 0x00000000   Number         0  stm32h7xx_hal_opamp_ex.o ABSOLUTE
    ..\Firmware\Device\STM32H7xx_HAL_Driver\Src\stm32h7xx_hal_pcd.c 0x00000000   Number         0  stm32h7xx_hal_pcd.o ABSOLUTE
    ..\Firmware\Device\STM32H7xx_HAL_Driver\Src\stm32h7xx_hal_pcd_ex.c 0x00000000   Number         0  stm32h7xx_hal_pcd_ex.o ABSOLUTE
    ..\Firmware\Device\STM32H7xx_HAL_Driver\Src\stm32h7xx_hal_pwr.c 0x00000000   Number         0  stm32h7xx_hal_pwr.o ABSOLUTE
    ..\Firmware\Device\STM32H7xx_HAL_Driver\Src\stm32h7xx_hal_pwr_ex.c 0x00000000   Number         0  stm32h7xx_hal_pwr_ex.o ABSOLUTE
    ..\Firmware\Device\STM32H7xx_HAL_Driver\Src\stm32h7xx_hal_qspi.c 0x00000000   Number         0  stm32h7xx_hal_qspi.o ABSOLUTE
    ..\Firmware\Device\STM32H7xx_HAL_Driver\Src\stm32h7xx_hal_rcc.c 0x00000000   Number         0  stm32h7xx_hal_rcc.o ABSOLUTE
    ..\Firmware\Device\STM32H7xx_HAL_Driver\Src\stm32h7xx_hal_rcc_ex.c 0x00000000   Number         0  stm32h7xx_hal_rcc_ex.o ABSOLUTE
    ..\Firmware\Device\STM32H7xx_HAL_Driver\Src\stm32h7xx_hal_rng.c 0x00000000   Number         0  stm32h7xx_hal_rng.o ABSOLUTE
    ..\Firmware\Device\STM32H7xx_HAL_Driver\Src\stm32h7xx_hal_rtc.c 0x00000000   Number         0  stm32h7xx_hal_rtc.o ABSOLUTE
    ..\Firmware\Device\STM32H7xx_HAL_Driver\Src\stm32h7xx_hal_rtc_ex.c 0x00000000   Number         0  stm32h7xx_hal_rtc_ex.o ABSOLUTE
    ..\Firmware\Device\STM32H7xx_HAL_Driver\Src\stm32h7xx_hal_sai.c 0x00000000   Number         0  stm32h7xx_hal_sai.o ABSOLUTE
    ..\Firmware\Device\STM32H7xx_HAL_Driver\Src\stm32h7xx_hal_sai_ex.c 0x00000000   Number         0  stm32h7xx_hal_sai_ex.o ABSOLUTE
    ..\Firmware\Device\STM32H7xx_HAL_Driver\Src\stm32h7xx_hal_sd.c 0x00000000   Number         0  stm32h7xx_hal_sd.o ABSOLUTE
    ..\Firmware\Device\STM32H7xx_HAL_Driver\Src\stm32h7xx_hal_sd_ex.c 0x00000000   Number         0  stm32h7xx_hal_sd_ex.o ABSOLUTE
    ..\Firmware\Device\STM32H7xx_HAL_Driver\Src\stm32h7xx_hal_sdram.c 0x00000000   Number         0  stm32h7xx_hal_sdram.o ABSOLUTE
    ..\Firmware\Device\STM32H7xx_HAL_Driver\Src\stm32h7xx_hal_smartcard.c 0x00000000   Number         0  stm32h7xx_hal_smartcard.o ABSOLUTE
    ..\Firmware\Device\STM32H7xx_HAL_Driver\Src\stm32h7xx_hal_smartcard_ex.c 0x00000000   Number         0  stm32h7xx_hal_smartcard_ex.o ABSOLUTE
    ..\Firmware\Device\STM32H7xx_HAL_Driver\Src\stm32h7xx_hal_smbus.c 0x00000000   Number         0  stm32h7xx_hal_smbus.o ABSOLUTE
    ..\Firmware\Device\STM32H7xx_HAL_Driver\Src\stm32h7xx_hal_spdifrx.c 0x00000000   Number         0  stm32h7xx_hal_spdifrx.o ABSOLUTE
    ..\Firmware\Device\STM32H7xx_HAL_Driver\Src\stm32h7xx_hal_spi.c 0x00000000   Number         0  stm32h7xx_hal_spi.o ABSOLUTE
    ..\Firmware\Device\STM32H7xx_HAL_Driver\Src\stm32h7xx_hal_spi_ex.c 0x00000000   Number         0  stm32h7xx_hal_spi_ex.o ABSOLUTE
    ..\Firmware\Device\STM32H7xx_HAL_Driver\Src\stm32h7xx_hal_sram.c 0x00000000   Number         0  stm32h7xx_hal_sram.o ABSOLUTE
    ..\Firmware\Device\STM32H7xx_HAL_Driver\Src\stm32h7xx_hal_swpmi.c 0x00000000   Number         0  stm32h7xx_hal_swpmi.o ABSOLUTE
    ..\Firmware\Device\STM32H7xx_HAL_Driver\Src\stm32h7xx_hal_tim.c 0x00000000   Number         0  stm32h7xx_hal_tim.o ABSOLUTE
    ..\Firmware\Device\STM32H7xx_HAL_Driver\Src\stm32h7xx_hal_tim_ex.c 0x00000000   Number         0  stm32h7xx_hal_tim_ex.o ABSOLUTE
    ..\Firmware\Device\STM32H7xx_HAL_Driver\Src\stm32h7xx_hal_uart.c 0x00000000   Number         0  stm32h7xx_hal_uart.o ABSOLUTE
    ..\Firmware\Device\STM32H7xx_HAL_Driver\Src\stm32h7xx_hal_uart_ex.c 0x00000000   Number         0  stm32h7xx_hal_uart_ex.o ABSOLUTE
    ..\Firmware\Device\STM32H7xx_HAL_Driver\Src\stm32h7xx_hal_usart.c 0x00000000   Number         0  stm32h7xx_hal_usart.o ABSOLUTE
    ..\Firmware\Device\STM32H7xx_HAL_Driver\Src\stm32h7xx_hal_wwdg.c 0x00000000   Number         0  stm32h7xx_hal_wwdg.o ABSOLUTE
    ..\Firmware\Device\STM32H7xx_HAL_Driver\Src\stm32h7xx_ll_delayblock.c 0x00000000   Number         0  stm32h7xx_ll_delayblock.o ABSOLUTE
    ..\Firmware\Device\STM32H7xx_HAL_Driver\Src\stm32h7xx_ll_fmc.c 0x00000000   Number         0  stm32h7xx_ll_fmc.o ABSOLUTE
    ..\Firmware\Device\STM32H7xx_HAL_Driver\Src\stm32h7xx_ll_sdmmc.c 0x00000000   Number         0  stm32h7xx_ll_sdmmc.o ABSOLUTE
    ..\Firmware\Device\STM32H7xx_HAL_Driver\Src\stm32h7xx_ll_usb.c 0x00000000   Number         0  stm32h7xx_ll_usb.o ABSOLUTE
    ..\Firmware\Device\Startup\startup_stm32h750xx.s 0x00000000   Number         0  startup_stm32h750xx.o ABSOLUTE
    ..\Firmware\Device\Startup\stm32h7xx_hal_msp.c 0x00000000   Number         0  stm32h7xx_hal_msp.o ABSOLUTE
    ..\Firmware\Device\Startup\stm32h7xx_it.c 0x00000000   Number         0  stm32h7xx_it.o ABSOLUTE
    ..\Firmware\Device\Startup\system_stm32h7xx.c 0x00000000   Number         0  system_stm32h7xx.o ABSOLUTE
    ..\\Firmware\\01_HAL_BSP\\BSP_Drivers\\bsp_led.c 0x00000000   Number         0  bsp_led.o ABSOLUTE
    ..\\Firmware\\02_Core_System\\System_Init\\system_init.c 0x00000000   Number         0  system_init.o ABSOLUTE
    ..\\Firmware\\07_Application\\main.c     0x00000000   Number         0  main.o ABSOLUTE
    ..\\Firmware\\Device\\STM32H7xx_HAL_Driver\\Src\\stm32h7xx_hal.c 0x00000000   Number         0  stm32h7xx_hal.o ABSOLUTE
    ..\\Firmware\\Device\\STM32H7xx_HAL_Driver\\Src\\stm32h7xx_hal_adc.c 0x00000000   Number         0  stm32h7xx_hal_adc.o ABSOLUTE
    ..\\Firmware\\Device\\STM32H7xx_HAL_Driver\\Src\\stm32h7xx_hal_adc_ex.c 0x00000000   Number         0  stm32h7xx_hal_adc_ex.o ABSOLUTE
    ..\\Firmware\\Device\\STM32H7xx_HAL_Driver\\Src\\stm32h7xx_hal_cec.c 0x00000000   Number         0  stm32h7xx_hal_cec.o ABSOLUTE
    ..\\Firmware\\Device\\STM32H7xx_HAL_Driver\\Src\\stm32h7xx_hal_comp.c 0x00000000   Number         0  stm32h7xx_hal_comp.o ABSOLUTE
    ..\\Firmware\\Device\\STM32H7xx_HAL_Driver\\Src\\stm32h7xx_hal_cortex.c 0x00000000   Number         0  stm32h7xx_hal_cortex.o ABSOLUTE
    ..\\Firmware\\Device\\STM32H7xx_HAL_Driver\\Src\\stm32h7xx_hal_crc.c 0x00000000   Number         0  stm32h7xx_hal_crc.o ABSOLUTE
    ..\\Firmware\\Device\\STM32H7xx_HAL_Driver\\Src\\stm32h7xx_hal_crc_ex.c 0x00000000   Number         0  stm32h7xx_hal_crc_ex.o ABSOLUTE
    ..\\Firmware\\Device\\STM32H7xx_HAL_Driver\\Src\\stm32h7xx_hal_cryp.c 0x00000000   Number         0  stm32h7xx_hal_cryp.o ABSOLUTE
    ..\\Firmware\\Device\\STM32H7xx_HAL_Driver\\Src\\stm32h7xx_hal_cryp_ex.c 0x00000000   Number         0  stm32h7xx_hal_cryp_ex.o ABSOLUTE
    ..\\Firmware\\Device\\STM32H7xx_HAL_Driver\\Src\\stm32h7xx_hal_dac.c 0x00000000   Number         0  stm32h7xx_hal_dac.o ABSOLUTE
    ..\\Firmware\\Device\\STM32H7xx_HAL_Driver\\Src\\stm32h7xx_hal_dac_ex.c 0x00000000   Number         0  stm32h7xx_hal_dac_ex.o ABSOLUTE
    ..\\Firmware\\Device\\STM32H7xx_HAL_Driver\\Src\\stm32h7xx_hal_dcmi.c 0x00000000   Number         0  stm32h7xx_hal_dcmi.o ABSOLUTE
    ..\\Firmware\\Device\\STM32H7xx_HAL_Driver\\Src\\stm32h7xx_hal_dfsdm.c 0x00000000   Number         0  stm32h7xx_hal_dfsdm.o ABSOLUTE
    ..\\Firmware\\Device\\STM32H7xx_HAL_Driver\\Src\\stm32h7xx_hal_dma.c 0x00000000   Number         0  stm32h7xx_hal_dma.o ABSOLUTE
    ..\\Firmware\\Device\\STM32H7xx_HAL_Driver\\Src\\stm32h7xx_hal_dma2d.c 0x00000000   Number         0  stm32h7xx_hal_dma2d.o ABSOLUTE
    ..\\Firmware\\Device\\STM32H7xx_HAL_Driver\\Src\\stm32h7xx_hal_dma_ex.c 0x00000000   Number         0  stm32h7xx_hal_dma_ex.o ABSOLUTE
    ..\\Firmware\\Device\\STM32H7xx_HAL_Driver\\Src\\stm32h7xx_hal_eth.c 0x00000000   Number         0  stm32h7xx_hal_eth.o ABSOLUTE
    ..\\Firmware\\Device\\STM32H7xx_HAL_Driver\\Src\\stm32h7xx_hal_eth_ex.c 0x00000000   Number         0  stm32h7xx_hal_eth_ex.o ABSOLUTE
    ..\\Firmware\\Device\\STM32H7xx_HAL_Driver\\Src\\stm32h7xx_hal_fdcan.c 0x00000000   Number         0  stm32h7xx_hal_fdcan.o ABSOLUTE
    ..\\Firmware\\Device\\STM32H7xx_HAL_Driver\\Src\\stm32h7xx_hal_flash.c 0x00000000   Number         0  stm32h7xx_hal_flash.o ABSOLUTE
    ..\\Firmware\\Device\\STM32H7xx_HAL_Driver\\Src\\stm32h7xx_hal_flash_ex.c 0x00000000   Number         0  stm32h7xx_hal_flash_ex.o ABSOLUTE
    ..\\Firmware\\Device\\STM32H7xx_HAL_Driver\\Src\\stm32h7xx_hal_gpio.c 0x00000000   Number         0  stm32h7xx_hal_gpio.o ABSOLUTE
    ..\\Firmware\\Device\\STM32H7xx_HAL_Driver\\Src\\stm32h7xx_hal_hash.c 0x00000000   Number         0  stm32h7xx_hal_hash.o ABSOLUTE
    ..\\Firmware\\Device\\STM32H7xx_HAL_Driver\\Src\\stm32h7xx_hal_hash_ex.c 0x00000000   Number         0  stm32h7xx_hal_hash_ex.o ABSOLUTE
    ..\\Firmware\\Device\\STM32H7xx_HAL_Driver\\Src\\stm32h7xx_hal_hcd.c 0x00000000   Number         0  stm32h7xx_hal_hcd.o ABSOLUTE
    ..\\Firmware\\Device\\STM32H7xx_HAL_Driver\\Src\\stm32h7xx_hal_hrtim.c 0x00000000   Number         0  stm32h7xx_hal_hrtim.o ABSOLUTE
    ..\\Firmware\\Device\\STM32H7xx_HAL_Driver\\Src\\stm32h7xx_hal_hsem.c 0x00000000   Number         0  stm32h7xx_hal_hsem.o ABSOLUTE
    ..\\Firmware\\Device\\STM32H7xx_HAL_Driver\\Src\\stm32h7xx_hal_i2c.c 0x00000000   Number         0  stm32h7xx_hal_i2c.o ABSOLUTE
    ..\\Firmware\\Device\\STM32H7xx_HAL_Driver\\Src\\stm32h7xx_hal_i2c_ex.c 0x00000000   Number         0  stm32h7xx_hal_i2c_ex.o ABSOLUTE
    ..\\Firmware\\Device\\STM32H7xx_HAL_Driver\\Src\\stm32h7xx_hal_i2s.c 0x00000000   Number         0  stm32h7xx_hal_i2s.o ABSOLUTE
    ..\\Firmware\\Device\\STM32H7xx_HAL_Driver\\Src\\stm32h7xx_hal_i2s_ex.c 0x00000000   Number         0  stm32h7xx_hal_i2s_ex.o ABSOLUTE
    ..\\Firmware\\Device\\STM32H7xx_HAL_Driver\\Src\\stm32h7xx_hal_irda.c 0x00000000   Number         0  stm32h7xx_hal_irda.o ABSOLUTE
    ..\\Firmware\\Device\\STM32H7xx_HAL_Driver\\Src\\stm32h7xx_hal_iwdg.c 0x00000000   Number         0  stm32h7xx_hal_iwdg.o ABSOLUTE
    ..\\Firmware\\Device\\STM32H7xx_HAL_Driver\\Src\\stm32h7xx_hal_jpeg.c 0x00000000   Number         0  stm32h7xx_hal_jpeg.o ABSOLUTE
    ..\\Firmware\\Device\\STM32H7xx_HAL_Driver\\Src\\stm32h7xx_hal_lptim.c 0x00000000   Number         0  stm32h7xx_hal_lptim.o ABSOLUTE
    ..\\Firmware\\Device\\STM32H7xx_HAL_Driver\\Src\\stm32h7xx_hal_ltdc.c 0x00000000   Number         0  stm32h7xx_hal_ltdc.o ABSOLUTE
    ..\\Firmware\\Device\\STM32H7xx_HAL_Driver\\Src\\stm32h7xx_hal_mdios.c 0x00000000   Number         0  stm32h7xx_hal_mdios.o ABSOLUTE
    ..\\Firmware\\Device\\STM32H7xx_HAL_Driver\\Src\\stm32h7xx_hal_mdma.c 0x00000000   Number         0  stm32h7xx_hal_mdma.o ABSOLUTE
    ..\\Firmware\\Device\\STM32H7xx_HAL_Driver\\Src\\stm32h7xx_hal_mmc.c 0x00000000   Number         0  stm32h7xx_hal_mmc.o ABSOLUTE
    ..\\Firmware\\Device\\STM32H7xx_HAL_Driver\\Src\\stm32h7xx_hal_mmc_ex.c 0x00000000   Number         0  stm32h7xx_hal_mmc_ex.o ABSOLUTE
    ..\\Firmware\\Device\\STM32H7xx_HAL_Driver\\Src\\stm32h7xx_hal_nand.c 0x00000000   Number         0  stm32h7xx_hal_nand.o ABSOLUTE
    ..\\Firmware\\Device\\STM32H7xx_HAL_Driver\\Src\\stm32h7xx_hal_nor.c 0x00000000   Number         0  stm32h7xx_hal_nor.o ABSOLUTE
    ..\\Firmware\\Device\\STM32H7xx_HAL_Driver\\Src\\stm32h7xx_hal_opamp.c 0x00000000   Number         0  stm32h7xx_hal_opamp.o ABSOLUTE
    ..\\Firmware\\Device\\STM32H7xx_HAL_Driver\\Src\\stm32h7xx_hal_opamp_ex.c 0x00000000   Number         0  stm32h7xx_hal_opamp_ex.o ABSOLUTE
    ..\\Firmware\\Device\\STM32H7xx_HAL_Driver\\Src\\stm32h7xx_hal_pcd.c 0x00000000   Number         0  stm32h7xx_hal_pcd.o ABSOLUTE
    ..\\Firmware\\Device\\STM32H7xx_HAL_Driver\\Src\\stm32h7xx_hal_pcd_ex.c 0x00000000   Number         0  stm32h7xx_hal_pcd_ex.o ABSOLUTE
    ..\\Firmware\\Device\\STM32H7xx_HAL_Driver\\Src\\stm32h7xx_hal_pwr.c 0x00000000   Number         0  stm32h7xx_hal_pwr.o ABSOLUTE
    ..\\Firmware\\Device\\STM32H7xx_HAL_Driver\\Src\\stm32h7xx_hal_pwr_ex.c 0x00000000   Number         0  stm32h7xx_hal_pwr_ex.o ABSOLUTE
    ..\\Firmware\\Device\\STM32H7xx_HAL_Driver\\Src\\stm32h7xx_hal_qspi.c 0x00000000   Number         0  stm32h7xx_hal_qspi.o ABSOLUTE
    ..\\Firmware\\Device\\STM32H7xx_HAL_Driver\\Src\\stm32h7xx_hal_rcc.c 0x00000000   Number         0  stm32h7xx_hal_rcc.o ABSOLUTE
    ..\\Firmware\\Device\\STM32H7xx_HAL_Driver\\Src\\stm32h7xx_hal_rcc_ex.c 0x00000000   Number         0  stm32h7xx_hal_rcc_ex.o ABSOLUTE
    ..\\Firmware\\Device\\STM32H7xx_HAL_Driver\\Src\\stm32h7xx_hal_rng.c 0x00000000   Number         0  stm32h7xx_hal_rng.o ABSOLUTE
    ..\\Firmware\\Device\\STM32H7xx_HAL_Driver\\Src\\stm32h7xx_hal_rtc.c 0x00000000   Number         0  stm32h7xx_hal_rtc.o ABSOLUTE
    ..\\Firmware\\Device\\STM32H7xx_HAL_Driver\\Src\\stm32h7xx_hal_rtc_ex.c 0x00000000   Number         0  stm32h7xx_hal_rtc_ex.o ABSOLUTE
    ..\\Firmware\\Device\\STM32H7xx_HAL_Driver\\Src\\stm32h7xx_hal_sai.c 0x00000000   Number         0  stm32h7xx_hal_sai.o ABSOLUTE
    ..\\Firmware\\Device\\STM32H7xx_HAL_Driver\\Src\\stm32h7xx_hal_sai_ex.c 0x00000000   Number         0  stm32h7xx_hal_sai_ex.o ABSOLUTE
    ..\\Firmware\\Device\\STM32H7xx_HAL_Driver\\Src\\stm32h7xx_hal_sd.c 0x00000000   Number         0  stm32h7xx_hal_sd.o ABSOLUTE
    ..\\Firmware\\Device\\STM32H7xx_HAL_Driver\\Src\\stm32h7xx_hal_sd_ex.c 0x00000000   Number         0  stm32h7xx_hal_sd_ex.o ABSOLUTE
    ..\\Firmware\\Device\\STM32H7xx_HAL_Driver\\Src\\stm32h7xx_hal_sdram.c 0x00000000   Number         0  stm32h7xx_hal_sdram.o ABSOLUTE
    ..\\Firmware\\Device\\STM32H7xx_HAL_Driver\\Src\\stm32h7xx_hal_smartcard.c 0x00000000   Number         0  stm32h7xx_hal_smartcard.o ABSOLUTE
    ..\\Firmware\\Device\\STM32H7xx_HAL_Driver\\Src\\stm32h7xx_hal_smartcard_ex.c 0x00000000   Number         0  stm32h7xx_hal_smartcard_ex.o ABSOLUTE
    ..\\Firmware\\Device\\STM32H7xx_HAL_Driver\\Src\\stm32h7xx_hal_smbus.c 0x00000000   Number         0  stm32h7xx_hal_smbus.o ABSOLUTE
    ..\\Firmware\\Device\\STM32H7xx_HAL_Driver\\Src\\stm32h7xx_hal_spdifrx.c 0x00000000   Number         0  stm32h7xx_hal_spdifrx.o ABSOLUTE
    ..\\Firmware\\Device\\STM32H7xx_HAL_Driver\\Src\\stm32h7xx_hal_spi.c 0x00000000   Number         0  stm32h7xx_hal_spi.o ABSOLUTE
    ..\\Firmware\\Device\\STM32H7xx_HAL_Driver\\Src\\stm32h7xx_hal_spi_ex.c 0x00000000   Number         0  stm32h7xx_hal_spi_ex.o ABSOLUTE
    ..\\Firmware\\Device\\STM32H7xx_HAL_Driver\\Src\\stm32h7xx_hal_sram.c 0x00000000   Number         0  stm32h7xx_hal_sram.o ABSOLUTE
    ..\\Firmware\\Device\\STM32H7xx_HAL_Driver\\Src\\stm32h7xx_hal_swpmi.c 0x00000000   Number         0  stm32h7xx_hal_swpmi.o ABSOLUTE
    ..\\Firmware\\Device\\STM32H7xx_HAL_Driver\\Src\\stm32h7xx_hal_tim.c 0x00000000   Number         0  stm32h7xx_hal_tim.o ABSOLUTE
    ..\\Firmware\\Device\\STM32H7xx_HAL_Driver\\Src\\stm32h7xx_hal_tim_ex.c 0x00000000   Number         0  stm32h7xx_hal_tim_ex.o ABSOLUTE
    ..\\Firmware\\Device\\STM32H7xx_HAL_Driver\\Src\\stm32h7xx_hal_uart.c 0x00000000   Number         0  stm32h7xx_hal_uart.o ABSOLUTE
    ..\\Firmware\\Device\\STM32H7xx_HAL_Driver\\Src\\stm32h7xx_hal_uart_ex.c 0x00000000   Number         0  stm32h7xx_hal_uart_ex.o ABSOLUTE
    ..\\Firmware\\Device\\STM32H7xx_HAL_Driver\\Src\\stm32h7xx_hal_usart.c 0x00000000   Number         0  stm32h7xx_hal_usart.o ABSOLUTE
    ..\\Firmware\\Device\\STM32H7xx_HAL_Driver\\Src\\stm32h7xx_hal_wwdg.c 0x00000000   Number         0  stm32h7xx_hal_wwdg.o ABSOLUTE
    ..\\Firmware\\Device\\STM32H7xx_HAL_Driver\\Src\\stm32h7xx_ll_delayblock.c 0x00000000   Number         0  stm32h7xx_ll_delayblock.o ABSOLUTE
    ..\\Firmware\\Device\\STM32H7xx_HAL_Driver\\Src\\stm32h7xx_ll_fmc.c 0x00000000   Number         0  stm32h7xx_ll_fmc.o ABSOLUTE
    ..\\Firmware\\Device\\STM32H7xx_HAL_Driver\\Src\\stm32h7xx_ll_sdmmc.c 0x00000000   Number         0  stm32h7xx_ll_sdmmc.o ABSOLUTE
    ..\\Firmware\\Device\\STM32H7xx_HAL_Driver\\Src\\stm32h7xx_ll_usb.c 0x00000000   Number         0  stm32h7xx_ll_usb.o ABSOLUTE
    ..\\Firmware\\Device\\Startup\\stm32h7xx_hal_msp.c 0x00000000   Number         0  stm32h7xx_hal_msp.o ABSOLUTE
    ..\\Firmware\\Device\\Startup\\stm32h7xx_it.c 0x00000000   Number         0  stm32h7xx_it.o ABSOLUTE
    ..\\Firmware\\Device\\Startup\\system_stm32h7xx.c 0x00000000   Number         0  system_stm32h7xx.o ABSOLUTE
    dc.s                                     0x00000000   Number         0  dc.o ABSOLUTE
    RESET                                    0x08000000   Section      664  startup_stm32h750xx.o(RESET)
    !!!main                                  0x08000298   Section        8  __main.o(!!!main)
    !!!scatter                               0x080002a0   Section       52  __scatter.o(!!!scatter)
    !!handler_copy                           0x080002d4   Section       26  __scatter_copy.o(!!handler_copy)
    !!handler_zi                             0x080002f0   Section       28  __scatter_zi.o(!!handler_zi)
    .ARM.Collect$$libinit$$00000000          0x0800030c   Section        2  libinit.o(.ARM.Collect$$libinit$$00000000)
    .ARM.Collect$$libinit$$00000001          0x0800030e   Section        4  libinit2.o(.ARM.Collect$$libinit$$00000001)
    .ARM.Collect$$libinit$$00000004          0x08000312   Section        0  libinit2.o(.ARM.Collect$$libinit$$00000004)
    .ARM.Collect$$libinit$$0000000A          0x08000312   Section        0  libinit2.o(.ARM.Collect$$libinit$$0000000A)
    .ARM.Collect$$libinit$$0000000C          0x08000312   Section        0  libinit2.o(.ARM.Collect$$libinit$$0000000C)
    .ARM.Collect$$libinit$$0000000E          0x08000312   Section        0  libinit2.o(.ARM.Collect$$libinit$$0000000E)
    .ARM.Collect$$libinit$$00000011          0x08000312   Section        0  libinit2.o(.ARM.Collect$$libinit$$00000011)
    .ARM.Collect$$libinit$$00000013          0x08000312   Section        0  libinit2.o(.ARM.Collect$$libinit$$00000013)
    .ARM.Collect$$libinit$$00000015          0x08000312   Section        0  libinit2.o(.ARM.Collect$$libinit$$00000015)
    .ARM.Collect$$libinit$$00000017          0x08000312   Section        0  libinit2.o(.ARM.Collect$$libinit$$00000017)
    .ARM.Collect$$libinit$$00000019          0x08000312   Section        0  libinit2.o(.ARM.Collect$$libinit$$00000019)
    .ARM.Collect$$libinit$$0000001B          0x08000312   Section        0  libinit2.o(.ARM.Collect$$libinit$$0000001B)
    .ARM.Collect$$libinit$$0000001D          0x08000312   Section        0  libinit2.o(.ARM.Collect$$libinit$$0000001D)
    .ARM.Collect$$libinit$$0000001F          0x08000312   Section        0  libinit2.o(.ARM.Collect$$libinit$$0000001F)
    .ARM.Collect$$libinit$$00000021          0x08000312   Section        0  libinit2.o(.ARM.Collect$$libinit$$00000021)
    .ARM.Collect$$libinit$$00000023          0x08000312   Section        0  libinit2.o(.ARM.Collect$$libinit$$00000023)
    .ARM.Collect$$libinit$$00000025          0x08000312   Section        0  libinit2.o(.ARM.Collect$$libinit$$00000025)
    .ARM.Collect$$libinit$$0000002C          0x08000312   Section        0  libinit2.o(.ARM.Collect$$libinit$$0000002C)
    .ARM.Collect$$libinit$$0000002E          0x08000312   Section        0  libinit2.o(.ARM.Collect$$libinit$$0000002E)
    .ARM.Collect$$libinit$$00000030          0x08000312   Section        0  libinit2.o(.ARM.Collect$$libinit$$00000030)
    .ARM.Collect$$libinit$$00000032          0x08000312   Section        0  libinit2.o(.ARM.Collect$$libinit$$00000032)
    .ARM.Collect$$libinit$$00000033          0x08000312   Section        2  libinit2.o(.ARM.Collect$$libinit$$00000033)
    .ARM.Collect$$libshutdown$$00000000      0x08000314   Section        2  libshutdown.o(.ARM.Collect$$libshutdown$$00000000)
    .ARM.Collect$$libshutdown$$00000002      0x08000316   Section        0  libshutdown2.o(.ARM.Collect$$libshutdown$$00000002)
    .ARM.Collect$$libshutdown$$00000004      0x08000316   Section        0  libshutdown2.o(.ARM.Collect$$libshutdown$$00000004)
    .ARM.Collect$$libshutdown$$00000007      0x08000316   Section        0  libshutdown2.o(.ARM.Collect$$libshutdown$$00000007)
    .ARM.Collect$$libshutdown$$0000000A      0x08000316   Section        0  libshutdown2.o(.ARM.Collect$$libshutdown$$0000000A)
    .ARM.Collect$$libshutdown$$0000000C      0x08000316   Section        0  libshutdown2.o(.ARM.Collect$$libshutdown$$0000000C)
    .ARM.Collect$$libshutdown$$0000000F      0x08000316   Section        0  libshutdown2.o(.ARM.Collect$$libshutdown$$0000000F)
    .ARM.Collect$$libshutdown$$00000010      0x08000316   Section        2  libshutdown2.o(.ARM.Collect$$libshutdown$$00000010)
    .ARM.Collect$$rtentry$$00000000          0x08000318   Section        0  __rtentry.o(.ARM.Collect$$rtentry$$00000000)
    .ARM.Collect$$rtentry$$00000002          0x08000318   Section        0  __rtentry2.o(.ARM.Collect$$rtentry$$00000002)
    .ARM.Collect$$rtentry$$00000004          0x08000318   Section        6  __rtentry4.o(.ARM.Collect$$rtentry$$00000004)
    .ARM.Collect$$rtentry$$00000009          0x0800031e   Section        0  __rtentry2.o(.ARM.Collect$$rtentry$$00000009)
    .ARM.Collect$$rtentry$$0000000A          0x0800031e   Section        4  __rtentry2.o(.ARM.Collect$$rtentry$$0000000A)
    .ARM.Collect$$rtentry$$0000000C          0x08000322   Section        0  __rtentry2.o(.ARM.Collect$$rtentry$$0000000C)
    .ARM.Collect$$rtentry$$0000000D          0x08000322   Section        8  __rtentry2.o(.ARM.Collect$$rtentry$$0000000D)
    .ARM.Collect$$rtexit$$00000000           0x0800032a   Section        2  rtexit.o(.ARM.Collect$$rtexit$$00000000)
    .ARM.Collect$$rtexit$$00000002           0x0800032c   Section        0  rtexit2.o(.ARM.Collect$$rtexit$$00000002)
    .ARM.Collect$$rtexit$$00000003           0x0800032c   Section        4  rtexit2.o(.ARM.Collect$$rtexit$$00000003)
    .ARM.Collect$$rtexit$$00000004           0x08000330   Section        6  rtexit2.o(.ARM.Collect$$rtexit$$00000004)
    .text                                    0x08000338   Section       64  startup_stm32h750xx.o(.text)
    $v0                                      0x08000338   Number         0  startup_stm32h750xx.o(.text)
    .text                                    0x08000378   Section        0  heapauxi.o(.text)
    .text                                    0x0800037e   Section       74  sys_stackheap_outer.o(.text)
    .text                                    0x080003c8   Section        0  exit.o(.text)
    .text                                    0x080003dc   Section        8  libspace.o(.text)
    .text                                    0x080003e4   Section        0  sys_exit.o(.text)
    .text                                    0x080003f0   Section        2  use_no_semi.o(.text)
    .text                                    0x080003f2   Section        0  indicate_semi.o(.text)
    i.BusFault_Handler                       0x080003f2   Section        0  stm32h7xx_it.o(i.BusFault_Handler)
    i.DebugMon_Handler                       0x080003f6   Section        0  stm32h7xx_it.o(i.DebugMon_Handler)
    i.HAL_GPIO_Init                          0x080003f8   Section        0  stm32h7xx_hal_gpio.o(i.HAL_GPIO_Init)
    i.HAL_GPIO_WritePin                      0x08000644   Section        0  stm32h7xx_hal_gpio.o(i.HAL_GPIO_WritePin)
    i.HAL_IncTick                            0x08000650   Section        0  stm32h7xx_hal.o(i.HAL_IncTick)
    i.HAL_Init                               0x08000668   Section        0  stm32h7xx_hal.o(i.HAL_Init)
    i.HAL_InitTick                           0x08000684   Section        0  stm32h7xx_hal.o(i.HAL_InitTick)
    i.HAL_MspInit                            0x080006d0   Section        0  stm32h7xx_hal_msp.o(i.HAL_MspInit)
    i.HAL_NVIC_SetPriority                   0x080006d2   Section        0  stm32h7xx_hal_cortex.o(i.HAL_NVIC_SetPriority)
    i.HAL_NVIC_SetPriorityGrouping           0x0800074c   Section        0  stm32h7xx_hal_cortex.o(i.HAL_NVIC_SetPriorityGrouping)
    i.HAL_SYSTICK_Config                     0x08000774   Section        0  stm32h7xx_hal_cortex.o(i.HAL_SYSTICK_Config)
    i.HardFault_Handler                      0x080007a8   Section        0  stm32h7xx_it.o(i.HardFault_Handler)
    i.NMI_Handler                            0x080007ac   Section        0  stm32h7xx_it.o(i.NMI_Handler)
    i.PendSV_Handler                         0x080007ae   Section        0  stm32h7xx_it.o(i.PendSV_Handler)
    i.SVC_Handler                            0x080007b0   Section        0  stm32h7xx_it.o(i.SVC_Handler)
    i.SysTick_Handler                        0x080007b2   Section        0  stm32h7xx_it.o(i.SysTick_Handler)
    i.SystemInit                             0x080007bc   Section        0  system_stm32h7xx.o(i.SystemInit)
    i.System_Init                            0x08000850   Section        0  system_init.o(i.System_Init)
    i.UsageFault_Handler                     0x08000858   Section        0  stm32h7xx_it.o(i.UsageFault_Handler)
    i.__NVIC_GetPriorityGrouping             0x0800085c   Section        0  stm32h7xx_hal_cortex.o(i.__NVIC_GetPriorityGrouping)
    __NVIC_GetPriorityGrouping               0x0800085d   Thumb Code    10  stm32h7xx_hal_cortex.o(i.__NVIC_GetPriorityGrouping)
    i.__NVIC_SetPriority                     0x0800086c   Section        0  stm32h7xx_hal_cortex.o(i.__NVIC_SetPriority)
    __NVIC_SetPriority                       0x0800086d   Thumb Code    32  stm32h7xx_hal_cortex.o(i.__NVIC_SetPriority)
    i.led_init                               0x08000894   Section        0  bsp_led.o(i.led_init)
    i.main                                   0x080008f4   Section        0  main.o(i.main)
    x$fpl$fpinit                             0x08000910   Section       10  fpinit.o(x$fpl$fpinit)
    $v0                                      0x08000910   Number         0  fpinit.o(x$fpl$fpinit)
    .data                                    0x20000000   Section        8  system_stm32h7xx.o(.data)
    .data                                    0x20000008   Section        9  stm32h7xx_hal.o(.data)
    uwTick                                   0x20000008   Data           4  stm32h7xx_hal.o(.data)
    uwTickPrio                               0x2000000c   Data           4  stm32h7xx_hal.o(.data)
    uwTickFreq                               0x20000010   Data           1  stm32h7xx_hal.o(.data)
    .bss                                     0x20000014   Section       96  libspace.o(.bss)
    HEAP                                     0x20000078   Section      512  startup_stm32h750xx.o(HEAP)
    Heap_Mem                                 0x20000078   Data         512  startup_stm32h750xx.o(HEAP)
    STACK                                    0x20000278   Section     2560  startup_stm32h750xx.o(STACK)
    Stack_Mem                                0x20000278   Data        2560  startup_stm32h750xx.o(STACK)
    __initial_sp                             0x20000c78   Data           0  startup_stm32h750xx.o(STACK)

    Global Symbols

    Symbol Name                              Value     Ov Type        Size  Object(Section)

    BuildAttributes$$THM_ISAv4$E$P$D$K$B$S$7EM$VFPv5_D16$PE$PLD8$A:L22UL41UL21$X:L11$S22US41US21$IEEE1$IW$USESV6$~STKCKD$USESV7$~SHL$OSPACE$ROPI$EBA8$UX$STANDARDLIB$REQ8$PRES8$EABIv2 0x00000000   Number         0  anon$$obj.o ABSOLUTE
    __ARM_use_no_argv                        0x00000000   Number         0  main.o ABSOLUTE
    __ARM_exceptions_init                     - Undefined Weak Reference
    __alloca_initialize                       - Undefined Weak Reference
    __arm_preinit_                            - Undefined Weak Reference
    __cpp_initialize__aeabi_                  - Undefined Weak Reference
    __cxa_finalize                            - Undefined Weak Reference
    __rt_locale                               - Undefined Weak Reference
    __sigvec_lookup                           - Undefined Weak Reference
    _atexit_init                              - Undefined Weak Reference
    _call_atexit_fns                          - Undefined Weak Reference
    _clock_init                               - Undefined Weak Reference
    _fp_trap_init                             - Undefined Weak Reference
    _fp_trap_shutdown                         - Undefined Weak Reference
    _get_lc_collate                           - Undefined Weak Reference
    _get_lc_ctype                             - Undefined Weak Reference
    _get_lc_monetary                          - Undefined Weak Reference
    _get_lc_numeric                           - Undefined Weak Reference
    _get_lc_time                              - Undefined Weak Reference
    _getenv_init                              - Undefined Weak Reference
    _handle_redirection                       - Undefined Weak Reference
    _init_alloc                               - Undefined Weak Reference
    _init_user_alloc                          - Undefined Weak Reference
    _initio                                   - Undefined Weak Reference
    _rand_init                                - Undefined Weak Reference
    _signal_finish                            - Undefined Weak Reference
    _signal_init                              - Undefined Weak Reference
    _terminate_alloc                          - Undefined Weak Reference
    _terminate_user_alloc                     - Undefined Weak Reference
    _terminateio                              - Undefined Weak Reference
    __Vectors_Size                           0x00000298   Number         0  startup_stm32h750xx.o ABSOLUTE
    __Vectors                                0x08000000   Data           4  startup_stm32h750xx.o(RESET)
    __Vectors_End                            0x08000298   Data           0  startup_stm32h750xx.o(RESET)
    __main                                   0x08000299   Thumb Code     8  __main.o(!!!main)
    __scatterload                            0x080002a1   Thumb Code     0  __scatter.o(!!!scatter)
    __scatterload_rt2                        0x080002a1   Thumb Code    44  __scatter.o(!!!scatter)
    __scatterload_rt2_thumb_only             0x080002a1   Thumb Code     0  __scatter.o(!!!scatter)
    __scatterload_null                       0x080002af   Thumb Code     0  __scatter.o(!!!scatter)
    __scatterload_copy                       0x080002d5   Thumb Code    26  __scatter_copy.o(!!handler_copy)
    __scatterload_zeroinit                   0x080002f1   Thumb Code    28  __scatter_zi.o(!!handler_zi)
    __rt_lib_init                            0x0800030d   Thumb Code     0  libinit.o(.ARM.Collect$$libinit$$00000000)
    __rt_lib_init_fp_1                       0x0800030f   Thumb Code     0  libinit2.o(.ARM.Collect$$libinit$$00000001)
    __rt_lib_init_alloca_1                   0x08000313   Thumb Code     0  libinit2.o(.ARM.Collect$$libinit$$0000002E)
    __rt_lib_init_argv_1                     0x08000313   Thumb Code     0  libinit2.o(.ARM.Collect$$libinit$$0000002C)
    __rt_lib_init_atexit_1                   0x08000313   Thumb Code     0  libinit2.o(.ARM.Collect$$libinit$$0000001B)
    __rt_lib_init_clock_1                    0x08000313   Thumb Code     0  libinit2.o(.ARM.Collect$$libinit$$00000021)
    __rt_lib_init_cpp_1                      0x08000313   Thumb Code     0  libinit2.o(.ARM.Collect$$libinit$$00000032)
    __rt_lib_init_exceptions_1               0x08000313   Thumb Code     0  libinit2.o(.ARM.Collect$$libinit$$00000030)
    __rt_lib_init_fp_trap_1                  0x08000313   Thumb Code     0  libinit2.o(.ARM.Collect$$libinit$$0000001F)
    __rt_lib_init_getenv_1                   0x08000313   Thumb Code     0  libinit2.o(.ARM.Collect$$libinit$$00000023)
    __rt_lib_init_heap_1                     0x08000313   Thumb Code     0  libinit2.o(.ARM.Collect$$libinit$$0000000A)
    __rt_lib_init_lc_collate_1               0x08000313   Thumb Code     0  libinit2.o(.ARM.Collect$$libinit$$00000011)
    __rt_lib_init_lc_ctype_1                 0x08000313   Thumb Code     0  libinit2.o(.ARM.Collect$$libinit$$00000013)
    __rt_lib_init_lc_monetary_1              0x08000313   Thumb Code     0  libinit2.o(.ARM.Collect$$libinit$$00000015)
    __rt_lib_init_lc_numeric_1               0x08000313   Thumb Code     0  libinit2.o(.ARM.Collect$$libinit$$00000017)
    __rt_lib_init_lc_time_1                  0x08000313   Thumb Code     0  libinit2.o(.ARM.Collect$$libinit$$00000019)
    __rt_lib_init_preinit_1                  0x08000313   Thumb Code     0  libinit2.o(.ARM.Collect$$libinit$$00000004)
    __rt_lib_init_rand_1                     0x08000313   Thumb Code     0  libinit2.o(.ARM.Collect$$libinit$$0000000E)
    __rt_lib_init_return                     0x08000313   Thumb Code     0  libinit2.o(.ARM.Collect$$libinit$$00000033)
    __rt_lib_init_signal_1                   0x08000313   Thumb Code     0  libinit2.o(.ARM.Collect$$libinit$$0000001D)
    __rt_lib_init_stdio_1                    0x08000313   Thumb Code     0  libinit2.o(.ARM.Collect$$libinit$$00000025)
    __rt_lib_init_user_alloc_1               0x08000313   Thumb Code     0  libinit2.o(.ARM.Collect$$libinit$$0000000C)
    __rt_lib_shutdown                        0x08000315   Thumb Code     0  libshutdown.o(.ARM.Collect$$libshutdown$$00000000)
    __rt_lib_shutdown_cpp_1                  0x08000317   Thumb Code     0  libshutdown2.o(.ARM.Collect$$libshutdown$$00000002)
    __rt_lib_shutdown_fp_trap_1              0x08000317   Thumb Code     0  libshutdown2.o(.ARM.Collect$$libshutdown$$00000007)
    __rt_lib_shutdown_heap_1                 0x08000317   Thumb Code     0  libshutdown2.o(.ARM.Collect$$libshutdown$$0000000F)
    __rt_lib_shutdown_return                 0x08000317   Thumb Code     0  libshutdown2.o(.ARM.Collect$$libshutdown$$00000010)
    __rt_lib_shutdown_signal_1               0x08000317   Thumb Code     0  libshutdown2.o(.ARM.Collect$$libshutdown$$0000000A)
    __rt_lib_shutdown_stdio_1                0x08000317   Thumb Code     0  libshutdown2.o(.ARM.Collect$$libshutdown$$00000004)
    __rt_lib_shutdown_user_alloc_1           0x08000317   Thumb Code     0  libshutdown2.o(.ARM.Collect$$libshutdown$$0000000C)
    __rt_entry                               0x08000319   Thumb Code     0  __rtentry.o(.ARM.Collect$$rtentry$$00000000)
    __rt_entry_presh_1                       0x08000319   Thumb Code     0  __rtentry2.o(.ARM.Collect$$rtentry$$00000002)
    __rt_entry_sh                            0x08000319   Thumb Code     0  __rtentry4.o(.ARM.Collect$$rtentry$$00000004)
    __rt_entry_li                            0x0800031f   Thumb Code     0  __rtentry2.o(.ARM.Collect$$rtentry$$0000000A)
    __rt_entry_postsh_1                      0x0800031f   Thumb Code     0  __rtentry2.o(.ARM.Collect$$rtentry$$00000009)
    __rt_entry_main                          0x08000323   Thumb Code     0  __rtentry2.o(.ARM.Collect$$rtentry$$0000000D)
    __rt_entry_postli_1                      0x08000323   Thumb Code     0  __rtentry2.o(.ARM.Collect$$rtentry$$0000000C)
    __rt_exit                                0x0800032b   Thumb Code     0  rtexit.o(.ARM.Collect$$rtexit$$00000000)
    __rt_exit_ls                             0x0800032d   Thumb Code     0  rtexit2.o(.ARM.Collect$$rtexit$$00000003)
    __rt_exit_prels_1                        0x0800032d   Thumb Code     0  rtexit2.o(.ARM.Collect$$rtexit$$00000002)
    __rt_exit_exit                           0x08000331   Thumb Code     0  rtexit2.o(.ARM.Collect$$rtexit$$00000004)
    Reset_Handler                            0x08000339   Thumb Code     8  startup_stm32h750xx.o(.text)
    MemManage_Handler                        0x08000345   Thumb Code     2  startup_stm32h750xx.o(.text)
    ADC3_IRQHandler                          0x08000353   Thumb Code     0  startup_stm32h750xx.o(.text)
    ADC_IRQHandler                           0x08000353   Thumb Code     0  startup_stm32h750xx.o(.text)
    BDMA_Channel0_IRQHandler                 0x08000353   Thumb Code     0  startup_stm32h750xx.o(.text)
    BDMA_Channel1_IRQHandler                 0x08000353   Thumb Code     0  startup_stm32h750xx.o(.text)
    BDMA_Channel2_IRQHandler                 0x08000353   Thumb Code     0  startup_stm32h750xx.o(.text)
    BDMA_Channel3_IRQHandler                 0x08000353   Thumb Code     0  startup_stm32h750xx.o(.text)
    BDMA_Channel4_IRQHandler                 0x08000353   Thumb Code     0  startup_stm32h750xx.o(.text)
    BDMA_Channel5_IRQHandler                 0x08000353   Thumb Code     0  startup_stm32h750xx.o(.text)
    BDMA_Channel6_IRQHandler                 0x08000353   Thumb Code     0  startup_stm32h750xx.o(.text)
    BDMA_Channel7_IRQHandler                 0x08000353   Thumb Code     0  startup_stm32h750xx.o(.text)
    CEC_IRQHandler                           0x08000353   Thumb Code     0  startup_stm32h750xx.o(.text)
    COMP1_IRQHandler                         0x08000353   Thumb Code     0  startup_stm32h750xx.o(.text)
    CRS_IRQHandler                           0x08000353   Thumb Code     0  startup_stm32h750xx.o(.text)
    CRYP_IRQHandler                          0x08000353   Thumb Code     0  startup_stm32h750xx.o(.text)
    DCMI_IRQHandler                          0x08000353   Thumb Code     0  startup_stm32h750xx.o(.text)
    DFSDM1_FLT0_IRQHandler                   0x08000353   Thumb Code     0  startup_stm32h750xx.o(.text)
    DFSDM1_FLT1_IRQHandler                   0x08000353   Thumb Code     0  startup_stm32h750xx.o(.text)
    DFSDM1_FLT2_IRQHandler                   0x08000353   Thumb Code     0  startup_stm32h750xx.o(.text)
    DFSDM1_FLT3_IRQHandler                   0x08000353   Thumb Code     0  startup_stm32h750xx.o(.text)
    DMA1_Stream0_IRQHandler                  0x08000353   Thumb Code     0  startup_stm32h750xx.o(.text)
    DMA1_Stream1_IRQHandler                  0x08000353   Thumb Code     0  startup_stm32h750xx.o(.text)
    DMA1_Stream2_IRQHandler                  0x08000353   Thumb Code     0  startup_stm32h750xx.o(.text)
    DMA1_Stream3_IRQHandler                  0x08000353   Thumb Code     0  startup_stm32h750xx.o(.text)
    DMA1_Stream4_IRQHandler                  0x08000353   Thumb Code     0  startup_stm32h750xx.o(.text)
    DMA1_Stream5_IRQHandler                  0x08000353   Thumb Code     0  startup_stm32h750xx.o(.text)
    DMA1_Stream6_IRQHandler                  0x08000353   Thumb Code     0  startup_stm32h750xx.o(.text)
    DMA1_Stream7_IRQHandler                  0x08000353   Thumb Code     0  startup_stm32h750xx.o(.text)
    DMA2D_IRQHandler                         0x08000353   Thumb Code     0  startup_stm32h750xx.o(.text)
    DMA2_Stream0_IRQHandler                  0x08000353   Thumb Code     0  startup_stm32h750xx.o(.text)
    DMA2_Stream1_IRQHandler                  0x08000353   Thumb Code     0  startup_stm32h750xx.o(.text)
    DMA2_Stream2_IRQHandler                  0x08000353   Thumb Code     0  startup_stm32h750xx.o(.text)
    DMA2_Stream3_IRQHandler                  0x08000353   Thumb Code     0  startup_stm32h750xx.o(.text)
    DMA2_Stream4_IRQHandler                  0x08000353   Thumb Code     0  startup_stm32h750xx.o(.text)
    DMA2_Stream5_IRQHandler                  0x08000353   Thumb Code     0  startup_stm32h750xx.o(.text)
    DMA2_Stream6_IRQHandler                  0x08000353   Thumb Code     0  startup_stm32h750xx.o(.text)
    DMA2_Stream7_IRQHandler                  0x08000353   Thumb Code     0  startup_stm32h750xx.o(.text)
    DMAMUX1_OVR_IRQHandler                   0x08000353   Thumb Code     0  startup_stm32h750xx.o(.text)
    DMAMUX2_OVR_IRQHandler                   0x08000353   Thumb Code     0  startup_stm32h750xx.o(.text)
    ETH_IRQHandler                           0x08000353   Thumb Code     0  startup_stm32h750xx.o(.text)
    ETH_WKUP_IRQHandler                      0x08000353   Thumb Code     0  startup_stm32h750xx.o(.text)
    EXTI0_IRQHandler                         0x08000353   Thumb Code     0  startup_stm32h750xx.o(.text)
    EXTI15_10_IRQHandler                     0x08000353   Thumb Code     0  startup_stm32h750xx.o(.text)
    EXTI1_IRQHandler                         0x08000353   Thumb Code     0  startup_stm32h750xx.o(.text)
    EXTI2_IRQHandler                         0x08000353   Thumb Code     0  startup_stm32h750xx.o(.text)
    EXTI3_IRQHandler                         0x08000353   Thumb Code     0  startup_stm32h750xx.o(.text)
    EXTI4_IRQHandler                         0x08000353   Thumb Code     0  startup_stm32h750xx.o(.text)
    EXTI9_5_IRQHandler                       0x08000353   Thumb Code     0  startup_stm32h750xx.o(.text)
    FDCAN1_IT0_IRQHandler                    0x08000353   Thumb Code     0  startup_stm32h750xx.o(.text)
    FDCAN1_IT1_IRQHandler                    0x08000353   Thumb Code     0  startup_stm32h750xx.o(.text)
    FDCAN2_IT0_IRQHandler                    0x08000353   Thumb Code     0  startup_stm32h750xx.o(.text)
    FDCAN2_IT1_IRQHandler                    0x08000353   Thumb Code     0  startup_stm32h750xx.o(.text)
    FDCAN_CAL_IRQHandler                     0x08000353   Thumb Code     0  startup_stm32h750xx.o(.text)
    FLASH_IRQHandler                         0x08000353   Thumb Code     0  startup_stm32h750xx.o(.text)
    FMC_IRQHandler                           0x08000353   Thumb Code     0  startup_stm32h750xx.o(.text)
    FPU_IRQHandler                           0x08000353   Thumb Code     0  startup_stm32h750xx.o(.text)
    HASH_RNG_IRQHandler                      0x08000353   Thumb Code     0  startup_stm32h750xx.o(.text)
    HRTIM1_FLT_IRQHandler                    0x08000353   Thumb Code     0  startup_stm32h750xx.o(.text)
    HRTIM1_Master_IRQHandler                 0x08000353   Thumb Code     0  startup_stm32h750xx.o(.text)
    HRTIM1_TIMA_IRQHandler                   0x08000353   Thumb Code     0  startup_stm32h750xx.o(.text)
    HRTIM1_TIMB_IRQHandler                   0x08000353   Thumb Code     0  startup_stm32h750xx.o(.text)
    HRTIM1_TIMC_IRQHandler                   0x08000353   Thumb Code     0  startup_stm32h750xx.o(.text)
    HRTIM1_TIMD_IRQHandler                   0x08000353   Thumb Code     0  startup_stm32h750xx.o(.text)
    HRTIM1_TIME_IRQHandler                   0x08000353   Thumb Code     0  startup_stm32h750xx.o(.text)
    HSEM1_IRQHandler                         0x08000353   Thumb Code     0  startup_stm32h750xx.o(.text)
    I2C1_ER_IRQHandler                       0x08000353   Thumb Code     0  startup_stm32h750xx.o(.text)
    I2C1_EV_IRQHandler                       0x08000353   Thumb Code     0  startup_stm32h750xx.o(.text)
    I2C2_ER_IRQHandler                       0x08000353   Thumb Code     0  startup_stm32h750xx.o(.text)
    I2C2_EV_IRQHandler                       0x08000353   Thumb Code     0  startup_stm32h750xx.o(.text)
    I2C3_ER_IRQHandler                       0x08000353   Thumb Code     0  startup_stm32h750xx.o(.text)
    I2C3_EV_IRQHandler                       0x08000353   Thumb Code     0  startup_stm32h750xx.o(.text)
    I2C4_ER_IRQHandler                       0x08000353   Thumb Code     0  startup_stm32h750xx.o(.text)
    I2C4_EV_IRQHandler                       0x08000353   Thumb Code     0  startup_stm32h750xx.o(.text)
    JPEG_IRQHandler                          0x08000353   Thumb Code     0  startup_stm32h750xx.o(.text)
    LPTIM1_IRQHandler                        0x08000353   Thumb Code     0  startup_stm32h750xx.o(.text)
    LPTIM2_IRQHandler                        0x08000353   Thumb Code     0  startup_stm32h750xx.o(.text)
    LPTIM3_IRQHandler                        0x08000353   Thumb Code     0  startup_stm32h750xx.o(.text)
    LPTIM4_IRQHandler                        0x08000353   Thumb Code     0  startup_stm32h750xx.o(.text)
    LPTIM5_IRQHandler                        0x08000353   Thumb Code     0  startup_stm32h750xx.o(.text)
    LPUART1_IRQHandler                       0x08000353   Thumb Code     0  startup_stm32h750xx.o(.text)
    LTDC_ER_IRQHandler                       0x08000353   Thumb Code     0  startup_stm32h750xx.o(.text)
    LTDC_IRQHandler                          0x08000353   Thumb Code     0  startup_stm32h750xx.o(.text)
    MDIOS_IRQHandler                         0x08000353   Thumb Code     0  startup_stm32h750xx.o(.text)
    MDIOS_WKUP_IRQHandler                    0x08000353   Thumb Code     0  startup_stm32h750xx.o(.text)
    MDMA_IRQHandler                          0x08000353   Thumb Code     0  startup_stm32h750xx.o(.text)
    OTG_FS_EP1_IN_IRQHandler                 0x08000353   Thumb Code     0  startup_stm32h750xx.o(.text)
    OTG_FS_EP1_OUT_IRQHandler                0x08000353   Thumb Code     0  startup_stm32h750xx.o(.text)
    OTG_FS_IRQHandler                        0x08000353   Thumb Code     0  startup_stm32h750xx.o(.text)
    OTG_FS_WKUP_IRQHandler                   0x08000353   Thumb Code     0  startup_stm32h750xx.o(.text)
    OTG_HS_EP1_IN_IRQHandler                 0x08000353   Thumb Code     0  startup_stm32h750xx.o(.text)
    OTG_HS_EP1_OUT_IRQHandler                0x08000353   Thumb Code     0  startup_stm32h750xx.o(.text)
    OTG_HS_IRQHandler                        0x08000353   Thumb Code     0  startup_stm32h750xx.o(.text)
    OTG_HS_WKUP_IRQHandler                   0x08000353   Thumb Code     0  startup_stm32h750xx.o(.text)
    PVD_AVD_IRQHandler                       0x08000353   Thumb Code     0  startup_stm32h750xx.o(.text)
    QUADSPI_IRQHandler                       0x08000353   Thumb Code     0  startup_stm32h750xx.o(.text)
    RCC_IRQHandler                           0x08000353   Thumb Code     0  startup_stm32h750xx.o(.text)
    RTC_Alarm_IRQHandler                     0x08000353   Thumb Code     0  startup_stm32h750xx.o(.text)
    RTC_WKUP_IRQHandler                      0x08000353   Thumb Code     0  startup_stm32h750xx.o(.text)
    SAI1_IRQHandler                          0x08000353   Thumb Code     0  startup_stm32h750xx.o(.text)
    SAI2_IRQHandler                          0x08000353   Thumb Code     0  startup_stm32h750xx.o(.text)
    SAI3_IRQHandler                          0x08000353   Thumb Code     0  startup_stm32h750xx.o(.text)
    SAI4_IRQHandler                          0x08000353   Thumb Code     0  startup_stm32h750xx.o(.text)
    SDMMC1_IRQHandler                        0x08000353   Thumb Code     0  startup_stm32h750xx.o(.text)
    SDMMC2_IRQHandler                        0x08000353   Thumb Code     0  startup_stm32h750xx.o(.text)
    SPDIF_RX_IRQHandler                      0x08000353   Thumb Code     0  startup_stm32h750xx.o(.text)
    SPI1_IRQHandler                          0x08000353   Thumb Code     0  startup_stm32h750xx.o(.text)
    SPI2_IRQHandler                          0x08000353   Thumb Code     0  startup_stm32h750xx.o(.text)
    SPI3_IRQHandler                          0x08000353   Thumb Code     0  startup_stm32h750xx.o(.text)
    SPI4_IRQHandler                          0x08000353   Thumb Code     0  startup_stm32h750xx.o(.text)
    SPI5_IRQHandler                          0x08000353   Thumb Code     0  startup_stm32h750xx.o(.text)
    SPI6_IRQHandler                          0x08000353   Thumb Code     0  startup_stm32h750xx.o(.text)
    SWPMI1_IRQHandler                        0x08000353   Thumb Code     0  startup_stm32h750xx.o(.text)
    TAMP_STAMP_IRQHandler                    0x08000353   Thumb Code     0  startup_stm32h750xx.o(.text)
    TIM15_IRQHandler                         0x08000353   Thumb Code     0  startup_stm32h750xx.o(.text)
    TIM16_IRQHandler                         0x08000353   Thumb Code     0  startup_stm32h750xx.o(.text)
    TIM17_IRQHandler                         0x08000353   Thumb Code     0  startup_stm32h750xx.o(.text)
    TIM1_BRK_IRQHandler                      0x08000353   Thumb Code     0  startup_stm32h750xx.o(.text)
    TIM1_CC_IRQHandler                       0x08000353   Thumb Code     0  startup_stm32h750xx.o(.text)
    TIM1_TRG_COM_IRQHandler                  0x08000353   Thumb Code     0  startup_stm32h750xx.o(.text)
    TIM1_UP_IRQHandler                       0x08000353   Thumb Code     0  startup_stm32h750xx.o(.text)
    TIM2_IRQHandler                          0x08000353   Thumb Code     0  startup_stm32h750xx.o(.text)
    TIM3_IRQHandler                          0x08000353   Thumb Code     0  startup_stm32h750xx.o(.text)
    TIM4_IRQHandler                          0x08000353   Thumb Code     0  startup_stm32h750xx.o(.text)
    TIM5_IRQHandler                          0x08000353   Thumb Code     0  startup_stm32h750xx.o(.text)
    TIM6_DAC_IRQHandler                      0x08000353   Thumb Code     0  startup_stm32h750xx.o(.text)
    TIM7_IRQHandler                          0x08000353   Thumb Code     0  startup_stm32h750xx.o(.text)
    TIM8_BRK_TIM12_IRQHandler                0x08000353   Thumb Code     0  startup_stm32h750xx.o(.text)
    TIM8_CC_IRQHandler                       0x08000353   Thumb Code     0  startup_stm32h750xx.o(.text)
    TIM8_TRG_COM_TIM14_IRQHandler            0x08000353   Thumb Code     0  startup_stm32h750xx.o(.text)
    TIM8_UP_TIM13_IRQHandler                 0x08000353   Thumb Code     0  startup_stm32h750xx.o(.text)
    UART4_IRQHandler                         0x08000353   Thumb Code     0  startup_stm32h750xx.o(.text)
    UART5_IRQHandler                         0x08000353   Thumb Code     0  startup_stm32h750xx.o(.text)
    UART7_IRQHandler                         0x08000353   Thumb Code     0  startup_stm32h750xx.o(.text)
    UART8_IRQHandler                         0x08000353   Thumb Code     0  startup_stm32h750xx.o(.text)
    USART1_IRQHandler                        0x08000353   Thumb Code     0  startup_stm32h750xx.o(.text)
    USART2_IRQHandler                        0x08000353   Thumb Code     0  startup_stm32h750xx.o(.text)
    USART3_IRQHandler                        0x08000353   Thumb Code     0  startup_stm32h750xx.o(.text)
    USART6_IRQHandler                        0x08000353   Thumb Code     0  startup_stm32h750xx.o(.text)
    WAKEUP_PIN_IRQHandler                    0x08000353   Thumb Code     0  startup_stm32h750xx.o(.text)
    WWDG_IRQHandler                          0x08000353   Thumb Code     0  startup_stm32h750xx.o(.text)
    __user_initial_stackheap                 0x08000355   Thumb Code     0  startup_stm32h750xx.o(.text)
    __use_two_region_memory                  0x08000379   Thumb Code     2  heapauxi.o(.text)
    __rt_heap_escrow$2region                 0x0800037b   Thumb Code     2  heapauxi.o(.text)
    __rt_heap_expand$2region                 0x0800037d   Thumb Code     2  heapauxi.o(.text)
    __user_setup_stackheap                   0x0800037f   Thumb Code    74  sys_stackheap_outer.o(.text)
    exit                                     0x080003c9   Thumb Code    18  exit.o(.text)
    __user_libspace                          0x080003dd   Thumb Code     8  libspace.o(.text)
    __user_perproc_libspace                  0x080003dd   Thumb Code     0  libspace.o(.text)
    __user_perthread_libspace                0x080003dd   Thumb Code     0  libspace.o(.text)
    _sys_exit                                0x080003e5   Thumb Code     8  sys_exit.o(.text)
    __I$use$semihosting                      0x080003f1   Thumb Code     0  use_no_semi.o(.text)
    __use_no_semihosting_swi                 0x080003f1   Thumb Code     2  use_no_semi.o(.text)
    BusFault_Handler                         0x080003f3   Thumb Code     4  stm32h7xx_it.o(i.BusFault_Handler)
    __semihosting_library_function           0x080003f3   Thumb Code     0  indicate_semi.o(.text)
    DebugMon_Handler                         0x080003f7   Thumb Code     2  stm32h7xx_it.o(i.DebugMon_Handler)
    HAL_GPIO_Init                            0x080003f9   Thumb Code   534  stm32h7xx_hal_gpio.o(i.HAL_GPIO_Init)
    HAL_GPIO_WritePin                        0x08000645   Thumb Code    10  stm32h7xx_hal_gpio.o(i.HAL_GPIO_WritePin)
    HAL_IncTick                              0x08000651   Thumb Code    16  stm32h7xx_hal.o(i.HAL_IncTick)
    HAL_Init                                 0x08000669   Thumb Code    28  stm32h7xx_hal.o(i.HAL_Init)
    HAL_InitTick                             0x08000685   Thumb Code    64  stm32h7xx_hal.o(i.HAL_InitTick)
    HAL_MspInit                              0x080006d1   Thumb Code     2  stm32h7xx_hal_msp.o(i.HAL_MspInit)
    HAL_NVIC_SetPriority                     0x080006d3   Thumb Code   122  stm32h7xx_hal_cortex.o(i.HAL_NVIC_SetPriority)
    HAL_NVIC_SetPriorityGrouping             0x0800074d   Thumb Code    32  stm32h7xx_hal_cortex.o(i.HAL_NVIC_SetPriorityGrouping)
    HAL_SYSTICK_Config                       0x08000775   Thumb Code    52  stm32h7xx_hal_cortex.o(i.HAL_SYSTICK_Config)
    HardFault_Handler                        0x080007a9   Thumb Code     4  stm32h7xx_it.o(i.HardFault_Handler)
    NMI_Handler                              0x080007ad   Thumb Code     2  stm32h7xx_it.o(i.NMI_Handler)
    PendSV_Handler                           0x080007af   Thumb Code     2  stm32h7xx_it.o(i.PendSV_Handler)
    SVC_Handler                              0x080007b1   Thumb Code     2  stm32h7xx_it.o(i.SVC_Handler)
    SysTick_Handler                          0x080007b3   Thumb Code     8  stm32h7xx_it.o(i.SysTick_Handler)
    SystemInit                               0x080007bd   Thumb Code   130  system_stm32h7xx.o(i.SystemInit)
    System_Init                              0x08000851   Thumb Code     8  system_init.o(i.System_Init)
    UsageFault_Handler                       0x08000859   Thumb Code     4  stm32h7xx_it.o(i.UsageFault_Handler)
    led_init                                 0x08000895   Thumb Code    88  bsp_led.o(i.led_init)
    main                                     0x080008f5   Thumb Code    22  main.o(i.main)
    _fp_init                                 0x08000911   Thumb Code    10  fpinit.o(x$fpl$fpinit)
    __fplib_config_fpu_vfp                   0x08000919   Thumb Code     0  fpinit.o(x$fpl$fpinit)
    __fplib_config_pureend_doubles           0x08000919   Thumb Code     0  fpinit.o(x$fpl$fpinit)
    Region$$Table$$Base                      0x0800091c   Number         0  anon$$obj.o(Region$$Table)
    Region$$Table$$Limit                     0x0800093c   Number         0  anon$$obj.o(Region$$Table)
    SystemCoreClock                          0x20000000   Data           4  system_stm32h7xx.o(.data)
    SystemD2Clock                            0x20000004   Data           4  system_stm32h7xx.o(.data)
    __libspace_start                         0x20000014   Data          96  libspace.o(.bss)
    __temporary_stack_top$libspace           0x20000074   Data           0  libspace.o(.bss)



==============================================================================

Memory Map of the image

  Image Entry point : 0x08000339

  Load Region LR_1 (Base: 0x08000000, Size: 0x00000950, Max: 0xffffffff, ABSOLUTE)

    Execution Region ER_RO (Base: 0x08000000, Size: 0x0000093c, Max: 0xffffffff, ABSOLUTE)

    Base Addr    Size         Type   Attr      Idx    E Section Name        Object

    0x08000000   0x00000298   Data   RO          378    RESET               startup_stm32h750xx.o
    0x08000298   0x00000008   Code   RO        15126  * !!!main             c_w.l(__main.o)
    0x080002a0   0x00000034   Code   RO        15293    !!!scatter          c_w.l(__scatter.o)
    0x080002d4   0x0000001a   Code   RO        15295    !!handler_copy      c_w.l(__scatter_copy.o)
    0x080002ee   0x00000002   PAD
    0x080002f0   0x0000001c   Code   RO        15297    !!handler_zi        c_w.l(__scatter_zi.o)
    0x0800030c   0x00000002   Code   RO        15163    .ARM.Collect$$libinit$$00000000  c_w.l(libinit.o)
    0x0800030e   0x00000004   Code   RO        15175    .ARM.Collect$$libinit$$00000001  c_w.l(libinit2.o)
    0x08000312   0x00000000   Code   RO        15178    .ARM.Collect$$libinit$$00000004  c_w.l(libinit2.o)
    0x08000312   0x00000000   Code   RO        15181    .ARM.Collect$$libinit$$0000000A  c_w.l(libinit2.o)
    0x08000312   0x00000000   Code   RO        15183    .ARM.Collect$$libinit$$0000000C  c_w.l(libinit2.o)
    0x08000312   0x00000000   Code   RO        15185    .ARM.Collect$$libinit$$0000000E  c_w.l(libinit2.o)
    0x08000312   0x00000000   Code   RO        15188    .ARM.Collect$$libinit$$00000011  c_w.l(libinit2.o)
    0x08000312   0x00000000   Code   RO        15190    .ARM.Collect$$libinit$$00000013  c_w.l(libinit2.o)
    0x08000312   0x00000000   Code   RO        15192    .ARM.Collect$$libinit$$00000015  c_w.l(libinit2.o)
    0x08000312   0x00000000   Code   RO        15194    .ARM.Collect$$libinit$$00000017  c_w.l(libinit2.o)
    0x08000312   0x00000000   Code   RO        15196    .ARM.Collect$$libinit$$00000019  c_w.l(libinit2.o)
    0x08000312   0x00000000   Code   RO        15198    .ARM.Collect$$libinit$$0000001B  c_w.l(libinit2.o)
    0x08000312   0x00000000   Code   RO        15200    .ARM.Collect$$libinit$$0000001D  c_w.l(libinit2.o)
    0x08000312   0x00000000   Code   RO        15202    .ARM.Collect$$libinit$$0000001F  c_w.l(libinit2.o)
    0x08000312   0x00000000   Code   RO        15204    .ARM.Collect$$libinit$$00000021  c_w.l(libinit2.o)
    0x08000312   0x00000000   Code   RO        15206    .ARM.Collect$$libinit$$00000023  c_w.l(libinit2.o)
    0x08000312   0x00000000   Code   RO        15208    .ARM.Collect$$libinit$$00000025  c_w.l(libinit2.o)
    0x08000312   0x00000000   Code   RO        15212    .ARM.Collect$$libinit$$0000002C  c_w.l(libinit2.o)
    0x08000312   0x00000000   Code   RO        15214    .ARM.Collect$$libinit$$0000002E  c_w.l(libinit2.o)
    0x08000312   0x00000000   Code   RO        15216    .ARM.Collect$$libinit$$00000030  c_w.l(libinit2.o)
    0x08000312   0x00000000   Code   RO        15218    .ARM.Collect$$libinit$$00000032  c_w.l(libinit2.o)
    0x08000312   0x00000002   Code   RO        15219    .ARM.Collect$$libinit$$00000033  c_w.l(libinit2.o)
    0x08000314   0x00000002   Code   RO        15250    .ARM.Collect$$libshutdown$$00000000  c_w.l(libshutdown.o)
    0x08000316   0x00000000   Code   RO        15276    .ARM.Collect$$libshutdown$$00000002  c_w.l(libshutdown2.o)
    0x08000316   0x00000000   Code   RO        15278    .ARM.Collect$$libshutdown$$00000004  c_w.l(libshutdown2.o)
    0x08000316   0x00000000   Code   RO        15281    .ARM.Collect$$libshutdown$$00000007  c_w.l(libshutdown2.o)
    0x08000316   0x00000000   Code   RO        15284    .ARM.Collect$$libshutdown$$0000000A  c_w.l(libshutdown2.o)
    0x08000316   0x00000000   Code   RO        15286    .ARM.Collect$$libshutdown$$0000000C  c_w.l(libshutdown2.o)
    0x08000316   0x00000000   Code   RO        15289    .ARM.Collect$$libshutdown$$0000000F  c_w.l(libshutdown2.o)
    0x08000316   0x00000002   Code   RO        15290    .ARM.Collect$$libshutdown$$00000010  c_w.l(libshutdown2.o)
    0x08000318   0x00000000   Code   RO        15128    .ARM.Collect$$rtentry$$00000000  c_w.l(__rtentry.o)
    0x08000318   0x00000000   Code   RO        15134    .ARM.Collect$$rtentry$$00000002  c_w.l(__rtentry2.o)
    0x08000318   0x00000006   Code   RO        15146    .ARM.Collect$$rtentry$$00000004  c_w.l(__rtentry4.o)
    0x0800031e   0x00000000   Code   RO        15136    .ARM.Collect$$rtentry$$00000009  c_w.l(__rtentry2.o)
    0x0800031e   0x00000004   Code   RO        15137    .ARM.Collect$$rtentry$$0000000A  c_w.l(__rtentry2.o)
    0x08000322   0x00000000   Code   RO        15139    .ARM.Collect$$rtentry$$0000000C  c_w.l(__rtentry2.o)
    0x08000322   0x00000008   Code   RO        15140    .ARM.Collect$$rtentry$$0000000D  c_w.l(__rtentry2.o)
    0x0800032a   0x00000002   Code   RO        15167    .ARM.Collect$$rtexit$$00000000  c_w.l(rtexit.o)
    0x0800032c   0x00000000   Code   RO        15223    .ARM.Collect$$rtexit$$00000002  c_w.l(rtexit2.o)
    0x0800032c   0x00000004   Code   RO        15224    .ARM.Collect$$rtexit$$00000003  c_w.l(rtexit2.o)
    0x08000330   0x00000006   Code   RO        15225    .ARM.Collect$$rtexit$$00000004  c_w.l(rtexit2.o)
    0x08000336   0x00000002   PAD
    0x08000338   0x00000040   Code   RO          379  * .text               startup_stm32h750xx.o
    0x08000378   0x00000006   Code   RO        15124    .text               c_w.l(heapauxi.o)
    0x0800037e   0x0000004a   Code   RO        15150    .text               c_w.l(sys_stackheap_outer.o)
    0x080003c8   0x00000012   Code   RO        15152    .text               c_w.l(exit.o)
    0x080003da   0x00000002   PAD
    0x080003dc   0x00000008   Code   RO        15164    .text               c_w.l(libspace.o)
    0x080003e4   0x0000000c   Code   RO        15220    .text               c_w.l(sys_exit.o)
    0x080003f0   0x00000002   Code   RO        15239    .text               c_w.l(use_no_semi.o)
    0x080003f2   0x00000000   Code   RO        15241    .text               c_w.l(indicate_semi.o)
    0x080003f2   0x00000004   Code   RO          418    i.BusFault_Handler  stm32h7xx_it.o
    0x080003f6   0x00000002   Code   RO          419    i.DebugMon_Handler  stm32h7xx_it.o
    0x080003f8   0x0000024c   Code   RO         4493    i.HAL_GPIO_Init     stm32h7xx_hal_gpio.o
    0x08000644   0x0000000a   Code   RO         4497    i.HAL_GPIO_WritePin  stm32h7xx_hal_gpio.o
    0x0800064e   0x00000002   PAD
    0x08000650   0x00000018   Code   RO          552    i.HAL_IncTick       stm32h7xx_hal.o
    0x08000668   0x0000001c   Code   RO          553    i.HAL_Init          stm32h7xx_hal.o
    0x08000684   0x0000004c   Code   RO          554    i.HAL_InitTick      stm32h7xx_hal.o
    0x080006d0   0x00000002   Code   RO          387    i.HAL_MspInit       stm32h7xx_hal_msp.o
    0x080006d2   0x0000007a   Code   RO         1437    i.HAL_NVIC_SetPriority  stm32h7xx_hal_cortex.o
    0x0800074c   0x00000028   Code   RO         1438    i.HAL_NVIC_SetPriorityGrouping  stm32h7xx_hal_cortex.o
    0x08000774   0x00000034   Code   RO         1442    i.HAL_SYSTICK_Config  stm32h7xx_hal_cortex.o
    0x080007a8   0x00000004   Code   RO          420    i.HardFault_Handler  stm32h7xx_it.o
    0x080007ac   0x00000002   Code   RO          421    i.NMI_Handler       stm32h7xx_it.o
    0x080007ae   0x00000002   Code   RO          422    i.PendSV_Handler    stm32h7xx_it.o
    0x080007b0   0x00000002   Code   RO          423    i.SVC_Handler       stm32h7xx_it.o
    0x080007b2   0x00000008   Code   RO          424    i.SysTick_Handler   stm32h7xx_it.o
    0x080007ba   0x00000002   PAD
    0x080007bc   0x00000094   Code   RO          490    i.SystemInit        system_stm32h7xx.o
    0x08000850   0x00000008   Code   RO          316    i.System_Init       system_init.o
    0x08000858   0x00000004   Code   RO          425    i.UsageFault_Handler  stm32h7xx_it.o
    0x0800085c   0x00000010   Code   RO         1444    i.__NVIC_GetPriorityGrouping  stm32h7xx_hal_cortex.o
    0x0800086c   0x00000028   Code   RO         1445    i.__NVIC_SetPriority  stm32h7xx_hal_cortex.o
    0x08000894   0x00000060   Code   RO            4    i.led_init          bsp_led.o
    0x080008f4   0x0000001c   Code   RO          350    i.main              main.o
    0x08000910   0x0000000a   Code   RO        15235    x$fpl$fpinit        fz_wv.l(fpinit.o)
    0x0800091a   0x00000002   PAD
    0x0800091c   0x00000020   Data   RO        15291    Region$$Table       anon$$obj.o


    Execution Region ER_RW (Base: 0x20000000, Size: 0x00000014, Max: 0xffffffff, ABSOLUTE)

    Base Addr    Size         Type   Attr      Idx    E Section Name        Object

    0x20000000   0x00000008   Data   RW          492    .data               system_stm32h7xx.o
    0x20000008   0x00000009   Data   RW          576    .data               stm32h7xx_hal.o


    Execution Region ER_ZI (Base: 0x20000014, Size: 0x00000c64, Max: 0xffffffff, ABSOLUTE)

    Base Addr    Size         Type   Attr      Idx    E Section Name        Object

    0x20000014   0x00000060   Zero   RW        15165    .bss                c_w.l(libspace.o)
    0x20000074   0x00000004   PAD
    0x20000078   0x00000200   Zero   RW          377    HEAP                startup_stm32h750xx.o
    0x20000278   0x00000a00   Zero   RW          376    STACK               startup_stm32h750xx.o


==============================================================================

Image component sizes


      Code (inc. data)   RO Data    RW Data    ZI Data      Debug   Object Name

        96          8          0          0          0    1042299   bsp_led.o
        28          6          0          0          0        511   main.o
        64         26        664          0       3072        880   startup_stm32h750xx.o
       128         20          0          9          0       2980   stm32h7xx_hal.o
       270         22          0          0          0      38318   stm32h7xx_hal_cortex.o
       598         54          0          0          0       2556   stm32h7xx_hal_gpio.o
         2          0          0          0          0        506   stm32h7xx_hal_msp.o
        28          0          0          0          0       4082   stm32h7xx_it.o
         8          0          0          0          0        546   system_init.o
       148         18          0          8          0       1374   system_stm32h7xx.o

    ----------------------------------------------------------------------
      1374        154        696         20       3072    1094052   Object Totals
         0          0         32          0          0          0   (incl. Generated)
         4          0          0          3          0          0   (incl. Padding)

    ----------------------------------------------------------------------

      Code (inc. data)   RO Data    RW Data    ZI Data      Debug   Library Member Name

         8          0          0          0          0         68   __main.o
         0          0          0          0          0          0   __rtentry.o
        12          0          0          0          0          0   __rtentry2.o
         6          0          0          0          0          0   __rtentry4.o
        52          8          0          0          0          0   __scatter.o
        26          0          0          0          0          0   __scatter_copy.o
        28          0          0          0          0          0   __scatter_zi.o
        18          0          0          0          0         80   exit.o
         6          0          0          0          0        152   heapauxi.o
         0          0          0          0          0          0   indicate_semi.o
         2          0          0          0          0          0   libinit.o
         6          0          0          0          0          0   libinit2.o
         2          0          0          0          0          0   libshutdown.o
         2          0          0          0          0          0   libshutdown2.o
         8          4          0          0         96         68   libspace.o
         2          0          0          0          0          0   rtexit.o
        10          0          0          0          0          0   rtexit2.o
        12          4          0          0          0         68   sys_exit.o
        74          0          0          0          0         80   sys_stackheap_outer.o
         2          0          0          0          0         68   use_no_semi.o
        10          0          0          0          0        116   fpinit.o

    ----------------------------------------------------------------------
       294         16          0          0        100        700   Library Totals
         8          0          0          0          4          0   (incl. Padding)

    ----------------------------------------------------------------------

      Code (inc. data)   RO Data    RW Data    ZI Data      Debug   Library Name

       276         16          0          0         96        584   c_w.l
        10          0          0          0          0        116   fz_wv.l

    ----------------------------------------------------------------------
       294         16          0          0        100        700   Library Totals

    ----------------------------------------------------------------------

==============================================================================


      Code (inc. data)   RO Data    RW Data    ZI Data      Debug   

      1668        170        696         20       3172    1092796   Grand Totals
      1668        170        696         20       3172    1092796   ELF Image Totals
      1668        170        696         20          0          0   ROM Totals

==============================================================================

    Total RO  Size (Code + RO Data)                 2364 (   2.31kB)
    Total RW  Size (RW Data + ZI Data)              3192 (   3.12kB)
    Total ROM Size (Code + RO Data + RW Data)       2384 (   2.33kB)

==============================================================================

